Archive member included to satisfy reference by file (symbol)

/Applications/STM32CubeIDE.app/Contents/Eclipse/plugins/com.st.stm32cube.ide.mcu.externaltools.gnu-tools-for-stm32.12.3.rel1.macos64_1.1.0.202410301201/tools/bin/../lib/gcc/arm-none-eabi/12.3.1/../../../../arm-none-eabi/lib/thumb/v7e-m+fp/hard/libc_nano.a(libc_a-calloc.o)
                              ./Core/Src/pal_os_memory.o (calloc)
/Applications/STM32CubeIDE.app/Contents/Eclipse/plugins/com.st.stm32cube.ide.mcu.externaltools.gnu-tools-for-stm32.12.3.rel1.macos64_1.1.0.202410301201/tools/bin/../lib/gcc/arm-none-eabi/12.3.1/../../../../arm-none-eabi/lib/thumb/v7e-m+fp/hard/libc_nano.a(libc_a-callocr.o)
                              /Applications/STM32CubeIDE.app/Contents/Eclipse/plugins/com.st.stm32cube.ide.mcu.externaltools.gnu-tools-for-stm32.12.3.rel1.macos64_1.1.0.202410301201/tools/bin/../lib/gcc/arm-none-eabi/12.3.1/../../../../arm-none-eabi/lib/thumb/v7e-m+fp/hard/libc_nano.a(libc_a-calloc.o) (_calloc_r)
/Applications/STM32CubeIDE.app/Contents/Eclipse/plugins/com.st.stm32cube.ide.mcu.externaltools.gnu-tools-for-stm32.12.3.rel1.macos64_1.1.0.202410301201/tools/bin/../lib/gcc/arm-none-eabi/12.3.1/../../../../arm-none-eabi/lib/thumb/v7e-m+fp/hard/libc_nano.a(libc_a-exit.o)
                              /Applications/STM32CubeIDE.app/Contents/Eclipse/plugins/com.st.stm32cube.ide.mcu.externaltools.gnu-tools-for-stm32.12.3.rel1.macos64_1.1.0.202410301201/tools/bin/../lib/gcc/arm-none-eabi/12.3.1/../../../../arm-none-eabi/lib/thumb/v7e-m+fp/hard/crt0.o (exit)
/Applications/STM32CubeIDE.app/Contents/Eclipse/plugins/com.st.stm32cube.ide.mcu.externaltools.gnu-tools-for-stm32.12.3.rel1.macos64_1.1.0.202410301201/tools/bin/../lib/gcc/arm-none-eabi/12.3.1/../../../../arm-none-eabi/lib/thumb/v7e-m+fp/hard/libc_nano.a(libc_a-malloc.o)
                              ./Core/Src/pal_os_memory.o (malloc)
/Applications/STM32CubeIDE.app/Contents/Eclipse/plugins/com.st.stm32cube.ide.mcu.externaltools.gnu-tools-for-stm32.12.3.rel1.macos64_1.1.0.202410301201/tools/bin/../lib/gcc/arm-none-eabi/12.3.1/../../../../arm-none-eabi/lib/thumb/v7e-m+fp/hard/libc_nano.a(libc_a-mallocr.o)
                              /Applications/STM32CubeIDE.app/Contents/Eclipse/plugins/com.st.stm32cube.ide.mcu.externaltools.gnu-tools-for-stm32.12.3.rel1.macos64_1.1.0.202410301201/tools/bin/../lib/gcc/arm-none-eabi/12.3.1/../../../../arm-none-eabi/lib/thumb/v7e-m+fp/hard/libc_nano.a(libc_a-callocr.o) (_malloc_r)
/Applications/STM32CubeIDE.app/Contents/Eclipse/plugins/com.st.stm32cube.ide.mcu.externaltools.gnu-tools-for-stm32.12.3.rel1.macos64_1.1.0.202410301201/tools/bin/../lib/gcc/arm-none-eabi/12.3.1/../../../../arm-none-eabi/lib/thumb/v7e-m+fp/hard/libc_nano.a(libc_a-mlock.o)
                              /Applications/STM32CubeIDE.app/Contents/Eclipse/plugins/com.st.stm32cube.ide.mcu.externaltools.gnu-tools-for-stm32.12.3.rel1.macos64_1.1.0.202410301201/tools/bin/../lib/gcc/arm-none-eabi/12.3.1/../../../../arm-none-eabi/lib/thumb/v7e-m+fp/hard/libc_nano.a(libc_a-mallocr.o) (__malloc_lock)
/Applications/STM32CubeIDE.app/Contents/Eclipse/plugins/com.st.stm32cube.ide.mcu.externaltools.gnu-tools-for-stm32.12.3.rel1.macos64_1.1.0.202410301201/tools/bin/../lib/gcc/arm-none-eabi/12.3.1/../../../../arm-none-eabi/lib/thumb/v7e-m+fp/hard/libc_nano.a(libc_a-sprintf.o)
                              ./Core/Src/optiga_lib_logger.o (sprintf)
/Applications/STM32CubeIDE.app/Contents/Eclipse/plugins/com.st.stm32cube.ide.mcu.externaltools.gnu-tools-for-stm32.12.3.rel1.macos64_1.1.0.202410301201/tools/bin/../lib/gcc/arm-none-eabi/12.3.1/../../../../arm-none-eabi/lib/thumb/v7e-m+fp/hard/libc_nano.a(libc_a-findfp.o)
                              /Applications/STM32CubeIDE.app/Contents/Eclipse/plugins/com.st.stm32cube.ide.mcu.externaltools.gnu-tools-for-stm32.12.3.rel1.macos64_1.1.0.202410301201/tools/bin/../lib/gcc/arm-none-eabi/12.3.1/../../../../arm-none-eabi/lib/thumb/v7e-m+fp/hard/libc_nano.a(libc_a-exit.o) (__stdio_exit_handler)
/Applications/STM32CubeIDE.app/Contents/Eclipse/plugins/com.st.stm32cube.ide.mcu.externaltools.gnu-tools-for-stm32.12.3.rel1.macos64_1.1.0.202410301201/tools/bin/../lib/gcc/arm-none-eabi/12.3.1/../../../../arm-none-eabi/lib/thumb/v7e-m+fp/hard/libc_nano.a(libc_a-fwalk.o)
                              /Applications/STM32CubeIDE.app/Contents/Eclipse/plugins/com.st.stm32cube.ide.mcu.externaltools.gnu-tools-for-stm32.12.3.rel1.macos64_1.1.0.202410301201/tools/bin/../lib/gcc/arm-none-eabi/12.3.1/../../../../arm-none-eabi/lib/thumb/v7e-m+fp/hard/libc_nano.a(libc_a-findfp.o) (_fwalk_sglue)
/Applications/STM32CubeIDE.app/Contents/Eclipse/plugins/com.st.stm32cube.ide.mcu.externaltools.gnu-tools-for-stm32.12.3.rel1.macos64_1.1.0.202410301201/tools/bin/../lib/gcc/arm-none-eabi/12.3.1/../../../../arm-none-eabi/lib/thumb/v7e-m+fp/hard/libc_nano.a(libc_a-printf.o)
                              ./Core/Src/etx_ota_update.o (printf)
[...]
Memory Configuration

Name             Origin             Length             Attributes
RAM              0x20000000         0x00018000         xrw
FLASH            0x08000000         0x00020000         xr
*default*        0x00000000         0xffffffff

Linker script and memory map

LOAD /Applications/STM32CubeIDE.app/Contents/Eclipse/plugins/com.st.stm32cube.ide.mcu.externaltools.gnu-tools-for-stm32.12.3.rel1.macos64_1.1.0.202410301201/tools/bin/../lib/gcc/arm-none-eabi/12.3.1/thumb/v7e-m+fp/hard/crti.o
LOAD /Applications/STM32CubeIDE.app/Contents/Eclipse/plugins/com.st.stm32cube.ide.mcu.externaltools.gnu-tools-for-stm32.12.3.rel1.macos64_1.1.0.202410301201/tools/bin/../lib/gcc/arm-none-eabi/12.3.1/thumb/v7e-m+fp/hard/crtbegin.o
LOAD /Applications/STM32CubeIDE.app/Contents/Eclipse/plugins/com.st.stm32cube.ide.mcu.externaltools.gnu-tools-for-stm32.12.3.rel1.macos64_1.1.0.202410301201/tools/bin/../lib/gcc/arm-none-eabi/12.3.1/../../../../arm-none-eabi/lib/thumb/v7e-m+fp/hard/crt0.o
LOAD ./Core/Src/etx_ota_update.o
LOAD ./Core/Src/example_optiga_init_deinit.o
LOAD ./Core/Src/example_optiga_util_read_data.o
LOAD ./Core/Src/example_optiga_util_write_data.o
LOAD ./Core/Src/ifx_i2c.o
LOAD ./Core/Src/ifx_i2c_config.o
LOAD ./Core/Src/ifx_i2c_data_link_layer.o
LOAD ./Core/Src/ifx_i2c_physical_layer.o
LOAD ./Core/Src/ifx_i2c_presentation_layer.o
LOAD ./Core/Src/ifx_i2c_transport_layer.o
LOAD ./Core/Src/main.o
LOAD ./Core/Src/optiga_cmd.o
LOAD ./Core/Src/optiga_comms_ifx_i2c.o
LOAD ./Core/Src/optiga_crypt.o
LOAD ./Core/Src/optiga_lib_common.o
LOAD ./Core/Src/optiga_lib_logger.o
LOAD ./Core/Src/optiga_util.o
LOAD ./Core/Src/pal.o
LOAD ./Core/Src/pal_crypt_stub.o
LOAD ./Core/Src/pal_gpio.o
LOAD ./Core/Src/pal_i2c.o
LOAD ./Core/Src/pal_ifx_i2c_config.o
LOAD ./Core/Src/pal_logger.o
LOAD ./Core/Src/pal_os_datastore.o
LOAD ./Core/Src/pal_os_event.o
LOAD ./Core/Src/pal_os_lock.o
LOAD ./Core/Src/pal_os_memory.o
LOAD ./Core/Src/pal_os_timer.o
LOAD ./Core/Src/platform.o
LOAD ./Core/Src/platform_util.o
LOAD ./Core/Src/sha256.o
LOAD ./Core/Src/stm32f4xx_hal_msp.o
LOAD ./Core/Src/stm32f4xx_it.o
LOAD ./Core/Src/syscalls.o
LOAD ./Core/Src/sysmem.o
LOAD ./Core/Src/system_stm32f4xx.o
LOAD ./Core/Startup/startup_stm32f401retx.o
LOAD ./Drivers/STM32F4xx_HAL_Driver/Src/stm32f4xx_hal.o
LOAD ./Drivers/STM32F4xx_HAL_Driver/Src/stm32f4xx_hal_cortex.o
LOAD ./Drivers/STM32F4xx_HAL_Driver/Src/stm32f4xx_hal_dma.o
LOAD ./Drivers/STM32F4xx_HAL_Driver/Src/stm32f4xx_hal_dma_ex.o
LOAD ./Drivers/STM32F4xx_HAL_Driver/Src/stm32f4xx_hal_exti.o
LOAD ./Drivers/STM32F4xx_HAL_Driver/Src/stm32f4xx_hal_flash.o
LOAD ./Drivers/STM32F4xx_HAL_Driver/Src/stm32f4xx_hal_flash_ex.o
LOAD ./Drivers/STM32F4xx_HAL_Driver/Src/stm32f4xx_hal_flash_ramfunc.o
LOAD ./Drivers/STM32F4xx_HAL_Driver/Src/stm32f4xx_hal_gpio.o
LOAD ./Drivers/STM32F4xx_HAL_Driver/Src/stm32f4xx_hal_i2c.o
LOAD ./Drivers/STM32F4xx_HAL_Driver/Src/stm32f4xx_hal_i2c_ex.o
LOAD ./Drivers/STM32F4xx_HAL_Driver/Src/stm32f4xx_hal_pwr.o
LOAD ./Drivers/STM32F4xx_HAL_Driver/Src/stm32f4xx_hal_pwr_ex.o
LOAD ./Drivers/STM32F4xx_HAL_Driver/Src/stm32f4xx_hal_rcc.o
LOAD ./Drivers/STM32F4xx_HAL_Driver/Src/stm32f4xx_hal_rcc_ex.o
LOAD ./Drivers/STM32F4xx_HAL_Driver/Src/stm32f4xx_hal_tim.o
LOAD ./Drivers/STM32F4xx_HAL_Driver/Src/stm32f4xx_hal_tim_ex.o
LOAD ./Drivers/STM32F4xx_HAL_Driver/Src/stm32f4xx_hal_uart.o
START GROUP
LOAD /Applications/STM32CubeIDE.app/Contents/Eclipse/plugins/com.st.stm32cube.ide.mcu.externaltools.gnu-tools-for-stm32.12.3.rel1.macos64_1.1.0.202410301201/tools/bin/../lib/gcc/arm-none-eabi/12.3.1/../../../../arm-none-eabi/lib/thumb/v7e-m+fp/hard/libc_nano.a
LOAD /Applications/STM32CubeIDE.app/Contents/Eclipse/plugins/com.st.stm32cube.ide.mcu.externaltools.gnu-tools-for-stm32.12.3.rel1.macos64_1.1.0.202410301201/tools/bin/../lib/gcc/arm-none-eabi/12.3.1/../../../../arm-none-eabi/lib/thumb/v7e-m+fp/hard/libm.a
END GROUP
START GROUP
LOAD /Applications/STM32CubeIDE.app/Contents/Eclipse/plugins/com.st.stm32cube.ide.mcu.externaltools.gnu-tools-for-stm32.12.3.rel1.macos64_1.1.0.202410301201/tools/bin/../lib/gcc/arm-none-eabi/12.3.1/thumb/v7e-m+fp/hard/libgcc.a
LOAD /Applications/STM32CubeIDE.app/Contents/Eclipse/plugins/com.st.stm32cube.ide.mcu.externaltools.gnu-tools-for-stm32.12.3.rel1.macos64_1.1.0.202410301201/tools/bin/../lib/gcc/arm-none-eabi/12.3.1/../../../../arm-none-eabi/lib/thumb/v7e-m+fp/hard/libc_nano.a
END GROUP
START GROUP
LOAD /Applications/STM32CubeIDE.app/Contents/Eclipse/plugins/com.st.stm32cube.ide.mcu.externaltools.gnu-tools-for-stm32.12.3.rel1.macos64_1.1.0.202410301201/tools/bin/../lib/gcc/arm-none-eabi/12.3.1/thumb/v7e-m+fp/hard/libgcc.a
LOAD /Applications/STM32CubeIDE.app/Contents/Eclipse/plugins/com.st.stm32cube.ide.mcu.externaltools.gnu-tools-for-stm32.12.3.rel1.macos64_1.1.0.202410301201/tools/bin/../lib/gcc/arm-none-eabi/12.3.1/../../../../arm-none-eabi/lib/thumb/v7e-m+fp/hard/libc_nano.a
LOAD /Applications/STM32CubeIDE.app/Contents/Eclipse/plugins/com.st.stm32cube.ide.mcu.externaltools.gnu-tools-for-stm32.12.3.rel1.macos64_1.1.0.202410301201/tools/bin/../lib/gcc/arm-none-eabi/12.3.1/../../../../arm-none-eabi/lib/thumb/v7e-m+fp/hard/libnosys.a
END GROUP
START GROUP
LOAD /Applications/STM32CubeIDE.app/Contents/Eclipse/plugins/com.st.stm32cube.ide.mcu.externaltools.gnu-tools-for-stm32.12.3.rel1.macos64_1.1.0.202410301201/tools/bin/../lib/gcc/arm-none-eabi/12.3.1/thumb/v7e-m+fp/hard/libgcc.a
LOAD /Applications/STM32CubeIDE.app/Contents/Eclipse/plugins/com.st.stm32cube.ide.mcu.externaltools.gnu-tools-for-stm32.12.3.rel1.macos64_1.1.0.202410301201/tools/bin/../lib/gcc/arm-none-eabi/12.3.1/../../../../arm-none-eabi/lib/thumb/v7e-m+fp/hard/libc_nano.a
LOAD /Applications/STM32CubeIDE.app/Contents/Eclipse/plugins/com.st.stm32cube.ide.mcu.externaltools.gnu-tools-for-stm32.12.3.rel1.macos64_1.1.0.202410301201/tools/bin/../lib/gcc/arm-none-eabi/12.3.1/../../../../arm-none-eabi/lib/thumb/v7e-m+fp/hard/libnosys.a
END GROUP
LOAD /Applications/STM32CubeIDE.app/Contents/Eclipse/plugins/com.st.stm32cube.ide.mcu.externaltools.gnu-tools-for-stm32.12.3.rel1.macos64_1.1.0.202410301201/tools/bin/../lib/gcc/arm-none-eabi/12.3.1/thumb/v7e-m+fp/hard/crtend.o
LOAD /Applications/STM32CubeIDE.app/Contents/Eclipse/plugins/com.st.stm32cube.ide.mcu.externaltools.gnu-tools-for-stm32.12.3.rel1.macos64_1.1.0.202410301201/tools/bin/../lib/gcc/arm-none-eabi/12.3.1/thumb/v7e-m+fp/hard/crtn.o
                0x20018000                        _estack = (ORIGIN (RAM) + LENGTH (RAM))
                0x00000200                        _Min_Heap_Size = 0x200
                0x00000400                        _Min_Stack_Size = 0x400

.isr_vector     0x08000000      0x194
                0x08000000                        . = ALIGN (0x4)
 *(.isr_vector)
 .isr_vector    0x08000000      0x194 ./Core/Startup/startup_stm32f401retx.o
                0x08000000                g_pfnVectors
                0x08000194                        . = ALIGN (0x4)

.text           0x080001a0    0x10118
                0x080001a0                        . = ALIGN (0x4)
 *(.text)
 .text          0x080001a0       0x40 /Applications/STM32CubeIDE.app/Contents/Eclipse/plugins/com.st.stm32cube.ide.mcu.externaltools.gnu-tools-for-stm32.12.3.rel1.macos64_1.1.0.202410301201/tools/bin/../lib/gcc/arm-none-eabi/12.3.1/thumb/v7e-m+fp/hard/crtbegin.o
 .text          0x080001e0       0xa0 /Applications/STM32CubeIDE.app/Contents/Eclipse/plugins/com.st.stm32cube.ide.mcu.externaltools.gnu-tools-for-stm32.12.3.rel1.macos64_1.1.0.202410301201/tools/bin/../lib/gcc/arm-none-eabi/12.3.1/../../../../arm-none-eabi/lib/thumb/v7e-m+fp/hard/libc_nano.a(libc_a-memchr.o)
                0x080001e0                memchr
 .text          0x08000280       0x30 /Applications/STM32CubeIDE.app/Contents/Eclipse/plugins/com.st.stm32cube.ide.mcu.externaltools.gnu-tools-for-stm32.12.3.rel1.macos64_1.1.0.202410301201/tools/bin/../lib/gcc/arm-none-eabi/12.3.1/thumb/v7e-m+fp/hard/libgcc.a(_aeabi_uldivmod.o)
                0x08000280                __aeabi_uldivmod
 .text          0x080002b0      0x2bc /Applications/STM32CubeIDE.app/Contents/Eclipse/plugins/com.st.stm32cube.ide.mcu.externaltools.gnu-tools-for-stm32.12.3.rel1.macos64_1.1.0.202410301201/tools/bin/../lib/gcc/arm-none-eabi/12.3.1/thumb/v7e-m+fp/hard/libgcc.a(_udivmoddi4.o)
                0x080002b0                __udivmoddi4
 .text          0x0800056c        0x4 /Applications/STM32CubeIDE.app/Contents/Eclipse/plugins/com.st.stm32cube.ide.mcu.externaltools.gnu-tools-for-stm32.12.3.rel1.macos64_1.1.0.202410301201/tools/bin/../lib/gcc/arm-none-eabi/12.3.1/thumb/v7e-m+fp/hard/libgcc.a(_dvmd_tls.o)
                0x0800056c                __aeabi_ldiv0
                0x0800056c                __aeabi_idiv0
 *(.text*)
 .text.etx_ota_download_and_flash
                0x08000570       0xa4 ./Core/Src/etx_ota_update.o
                0x08000570                etx_ota_download_and_flash
 .text.etx_process_data
                0x08000614      0x1a4 ./Core/Src/etx_ota_update.o
 .text.etx_receive_chunk
                0x080007b8      0x178 ./Core/Src/etx_ota_update.o
 .text.etx_ota_send_resp
                0x08000930       0x4c ./Core/Src/etx_ota_update.o
 .text.write_data_to_flash_app
                0x0800097c       0xf4 ./Core/Src/etx_ota_update.o
 .text.ifx_i2c_open
                0x08000a70       0x72 ./Core/Src/ifx_i2c.o
                0x08000a70                ifx_i2c_open
 .text.ifx_i2c_transceive
                0x08000ae2       0x70 ./Core/Src/ifx_i2c.o
                0x08000ae2                ifx_i2c_transceive
 *fill*         0x08000b52        0x2 
 .text.ifx_i2c_close
                0x08000b54       0x7c ./Core/Src/ifx_i2c.o
                0x08000b54                ifx_i2c_close
 .text.ifx_i2c_tl_event_handler
                0x08000bd0       0x68 ./Core/Src/ifx_i2c.o
                0x08000bd0                ifx_i2c_tl_event_handler
 .text.ifx_i2c_prl_close_event_handler
                0x08000c38       0x72 ./Core/Src/ifx_i2c.o
 *fill*         0x08000caa        0x2 
 .text.ifx_i2c_init
                0x08000cac      0x108 ./Core/Src/ifx_i2c.o
 .text.ifx_i2c_dl_init
                0x08000db4       0x7c ./Core/Src/ifx_i2c_data_link_layer.o
                0x08000db4                ifx_i2c_dl_init
 .text.ifx_i2c_dl_send_frame
                0x08000e30       0x60 ./Core/Src/ifx_i2c_data_link_layer.o
                0x08000e30                ifx_i2c_dl_send_frame
 .text.ifx_i2c_dl_receive_frame
                0x08000e90       0x58 ./Core/Src/ifx_i2c_data_link_layer.o
                0x08000e90                ifx_i2c_dl_receive_frame
 .text.ifx_i2c_dl_calc_crc_byte
                0x08000ee8       0x6e ./Core/Src/ifx_i2c_data_link_layer.o
 .text.ifx_i2c_dl_calc_crc
                0x08000f56       0x44 ./Core/Src/ifx_i2c_data_link_layer.o
 .text.ifx_i2c_dl_send_frame_internal
                0x08000f9a      0x146 ./Core/Src/ifx_i2c_data_link_layer.o
 .text.ifx_i2c_dl_resync
                0x080010e0       0x42 ./Core/Src/ifx_i2c_data_link_layer.o
 *fill*         0x08001122        0x2 
 .text.ifx_i2c_dl_resend_frame
                0x08001124       0xac ./Core/Src/ifx_i2c_data_link_layer.o
 .text.ifx_i2c_pl_event_handler
                0x080011d0      0x46c ./Core/Src/ifx_i2c_data_link_layer.o
 .text.ifx_i2c_pl_init
                0x0800163c       0xa0 ./Core/Src/ifx_i2c_physical_layer.o
                0x0800163c                ifx_i2c_pl_init
 .text.ifx_i2c_pl_send_frame
                0x080016dc       0x52 ./Core/Src/ifx_i2c_physical_layer.o
                0x080016dc                ifx_i2c_pl_send_frame
 .text.ifx_i2c_pl_receive_frame
                0x0800172e       0x3c ./Core/Src/ifx_i2c_physical_layer.o
                0x0800172e                ifx_i2c_pl_receive_frame
 .text.ifx_i2c_pl_read_register
                0x0800176a       0x60 ./Core/Src/ifx_i2c_physical_layer.o
 .text.ifx_i2c_pl_write_register
                0x080017ca       0x70 ./Core/Src/ifx_i2c_physical_layer.o
 .text.ifx_i2c_pl_status_poll_callback
                0x0800183a       0x1a ./Core/Src/ifx_i2c_physical_layer.o
 .text.ifx_i2c_pl_set_bit_rate
                0x08001854       0x8c ./Core/Src/ifx_i2c_physical_layer.o
 .text.ifx_i2c_pl_negotiation_event_handler
                0x080018e0      0x2f4 ./Core/Src/ifx_i2c_physical_layer.o
 .text.ifx_i2c_pl_frame_event_handler
                0x08001bd4      0x21c ./Core/Src/ifx_i2c_physical_layer.o
 .text.ifx_i2c_pal_poll_callback
                0x08001df0       0x5a ./Core/Src/ifx_i2c_physical_layer.o
 .text.ifx_i2c_pl_guard_time_callback
                0x08001e4a       0x70 ./Core/Src/ifx_i2c_physical_layer.o
 *fill*         0x08001eba        0x2 
 .text.ifx_i2c_pl_pal_event_handler
                0x08001ebc       0x78 ./Core/Src/ifx_i2c_physical_layer.o
 .text.ifx_i2c_pl_soft_reset
                0x08001f34       0xe4 ./Core/Src/ifx_i2c_physical_layer.o
 .text.ifx_i2c_prl_init
                0x08002018       0x90 ./Core/Src/ifx_i2c_presentation_layer.o
                0x08002018                ifx_i2c_prl_init
 .text.ifx_i2c_prl_close
                0x080020a8       0x84 ./Core/Src/ifx_i2c_presentation_layer.o
                0x080020a8                ifx_i2c_prl_close
 .text.ifx_i2c_prl_transceive
                0x0800212c       0xdc ./Core/Src/ifx_i2c_presentation_layer.o
                0x0800212c                ifx_i2c_prl_transceive
 .text.ifx_i2c_prl_prf
                0x08002208       0xa8 ./Core/Src/ifx_i2c_presentation_layer.o
 .text.ifx_i2c_prl_form_associated_data
                0x080022b0       0x4a ./Core/Src/ifx_i2c_presentation_layer.o
 .text.ifx_i2c_prl_encrypt_msg
                0x080022fa       0x82 ./Core/Src/ifx_i2c_presentation_layer.o
 .text.ifx_i2c_prl_decrypt_msg
                0x0800237c       0x90 ./Core/Src/ifx_i2c_presentation_layer.o
 .text.ifx_i2c_prl_send_alert
                0x0800240c       0xae ./Core/Src/ifx_i2c_presentation_layer.o
 .text.ifx_i2c_prl_do_handshake
                0x080024ba      0x338 ./Core/Src/ifx_i2c_presentation_layer.o
 .text.ifx_i2c_prl_do_manage_context
                0x080027f2      0x42e ./Core/Src/ifx_i2c_presentation_layer.o
 .text.ifx_i2c_prl_event_handler
                0x08002c20      0x958 ./Core/Src/ifx_i2c_presentation_layer.o
 .text.ifx_i2c_tl_init
                0x08003578       0x5c ./Core/Src/ifx_i2c_transport_layer.o
                0x08003578                ifx_i2c_tl_init
 .text.ifx_i2c_tl_transceive
                0x080035d4       0xaa ./Core/Src/ifx_i2c_transport_layer.o
                0x080035d4                ifx_i2c_tl_transceive
 .text.ifx_i2c_tl_resend_packets
                0x0800367e       0x40 ./Core/Src/ifx_i2c_transport_layer.o
 .text.ifx_i2c_tl_calculate_pctr
                0x080036be       0x7a ./Core/Src/ifx_i2c_transport_layer.o
 .text.ifx_i2c_tl_send_next_fragment
                0x08003738       0x96 ./Core/Src/ifx_i2c_transport_layer.o
 .text.ifx_i2c_tl_send_chaining_error
                0x080037ce       0x30 ./Core/Src/ifx_i2c_transport_layer.o
 *fill*         0x080037fe        0x2 
 .text.ifx_i2c_tl_check_chaining_error
                0x08003800       0x68 ./Core/Src/ifx_i2c_transport_layer.o
 .text.presence_bit_check
                0x08003868       0x50 ./Core/Src/ifx_i2c_transport_layer.o
 .text.ifx_i2c_dl_event_handler
                0x080038b8      0x464 ./Core/Src/ifx_i2c_transport_layer.o
 .text.__io_putchar
                0x08003d1c       0x24 ./Core/Src/main.o
                0x08003d1c                __io_putchar
 .text.optiga_util_callback
                0x08003d40       0x24 ./Core/Src/main.o
 .text.HAL_TIM_PeriodElapsedCallback
                0x08003d64       0x1e ./Core/Src/main.o
                0x08003d64                HAL_TIM_PeriodElapsedCallback
 *fill*         0x08003d82        0x2 
 .text.verify_firmware_signature
                0x08003d84      0x2f4 ./Core/Src/main.o
                0x08003d84                verify_firmware_signature
 .text.verify_firmware_integrity
                0x08004078       0x18 ./Core/Src/main.o
                0x08004078                verify_firmware_integrity
 .text.optiga_main_logic
                0x08004090       0xdc ./Core/Src/main.o
                0x08004090                optiga_main_logic
 .text.I2C_Scan
                0x0800416c       0x58 ./Core/Src/main.o
                0x0800416c                I2C_Scan
 .text.main     0x080041c4      0x12c ./Core/Src/main.o
                0x080041c4                main
 .text.SystemClock_Config
                0x080042f0       0xd8 ./Core/Src/main.o
                0x080042f0                SystemClock_Config
 .text.MX_NVIC_Init
                0x080043c8       0x18 ./Core/Src/main.o
 .text.MX_I2C1_Init
                0x080043e0       0x5c ./Core/Src/main.o
 .text.MX_TIM2_Init
                0x0800443c       0x98 ./Core/Src/main.o
 .text.MX_USART2_UART_Init
                0x080044d4       0x54 ./Core/Src/main.o
 .text.MX_GPIO_Init
                0x08004528       0xf0 ./Core/Src/main.o
 .text.goto_application
                0x08004618       0x7c ./Core/Src/main.o
 .text.Error_Handler
                0x08004694        0xc ./Core/Src/main.o
                0x08004694                Error_Handler
 .text.optiga_cmd_set_shielded_connection_option
                0x080046a0       0x4a ./Core/Src/optiga_cmd.o
                0x080046a0                optiga_cmd_set_shielded_connection_option
 .text.optiga_cmd_prepare_apdu_header
                0x080046ea       0x46 ./Core/Src/optiga_cmd.o
 .text.optiga_cmd_prepare_tag_header
                0x08004730       0x62 ./Core/Src/optiga_cmd.o
 .text.optiga_cmd_event_trigger_execute
                0x08004792       0x18 ./Core/Src/optiga_cmd.o
 .text.optiga_cmd_execute
                0x080047aa       0x4e ./Core/Src/optiga_cmd.o
 .text.optiga_cmd_session_available
                0x080047f8       0x2a ./Core/Src/optiga_cmd.o
 *fill*         0x08004822        0x2 
 .text.optiga_cmd_session_assign
                0x08004824       0x64 ./Core/Src/optiga_cmd.o
 .text.optiga_cmd_session_free
                0x08004888       0x40 ./Core/Src/optiga_cmd.o
 .text.optiga_cmd_queue_get_count_of
                0x080048c8       0x82 ./Core/Src/optiga_cmd.o
 .text.optiga_cmd_queue_assign_slot
                0x0800494a       0x64 ./Core/Src/optiga_cmd.o
 .text.optiga_cmd_queue_deassign_slot
                0x080049ae       0x52 ./Core/Src/optiga_cmd.o
 .text.optiga_cmd_queue_scheduler
                0x08004a00      0x228 ./Core/Src/optiga_cmd.o
 .text.optiga_cmd_queue_update_slot
                0x08004c28      0x10c ./Core/Src/optiga_cmd.o
 .text.optiga_cmd_queue_reset_slot
                0x08004d34       0x9c ./Core/Src/optiga_cmd.o
 .text.optiga_cmd_release_strict_lock
                0x08004dd0       0x4c ./Core/Src/optiga_cmd.o
 .text.optiga_cmd_request_session
                0x08004e1c       0x1a ./Core/Src/optiga_cmd.o
                0x08004e1c                optiga_cmd_request_session
 .text.optiga_cmd_release_session
                0x08004e36       0x18 ./Core/Src/optiga_cmd.o
                0x08004e36                optiga_cmd_release_session
 .text.optiga_cmd_request_lock
                0x08004e4e       0x20 ./Core/Src/optiga_cmd.o
                0x08004e4e                optiga_cmd_request_lock
 .text.optiga_cmd_release_lock
                0x08004e6e       0x18 ./Core/Src/optiga_cmd.o
                0x08004e6e                optiga_cmd_release_lock
 .text.optiga_cmd_restore_context
                0x08004e86       0x7c ./Core/Src/optiga_cmd.o
 .text.optiga_cmd_clear_app_ctx
                0x08004f02       0x70 ./Core/Src/optiga_cmd.o
 *fill*         0x08004f72        0x2 
 .text.optiga_cmd_execute_comms_open
                0x08004f74      0x12c ./Core/Src/optiga_cmd.o
 .text.optiga_cmd_execute_comms_close
                0x080050a0      0x146 ./Core/Src/optiga_cmd.o
 *fill*         0x080051e6        0x2 
 .text.optiga_cmd_execute_prepare_command
                0x080051e8      0x1f8 ./Core/Src/optiga_cmd.o
 .text.optiga_cmd_execute_get_device_error
                0x080053e0       0x5c ./Core/Src/optiga_cmd.o
 .text.optiga_cmd_execute_process_optiga_response
                0x0800543c      0x134 ./Core/Src/optiga_cmd.o
 .text.optiga_cmd_execute_process_response
                0x08005570       0xe0 ./Core/Src/optiga_cmd.o
 .text.optiga_cmd_execute_error_handler
                0x08005650       0x2e ./Core/Src/optiga_cmd.o
 *fill*         0x0800567e        0x2 
 .text.optiga_cmd_execute_handler
                0x08005680       0xa8 ./Core/Src/optiga_cmd.o
 .text.optiga_cmd_create
                0x08005728       0xfc ./Core/Src/optiga_cmd.o
                0x08005728                optiga_cmd_create
 .text.optiga_cmd_destroy
                0x08005824       0xa4 ./Core/Src/optiga_cmd.o
                0x08005824                optiga_cmd_destroy
 .text.optiga_cmd_get_error_code_handler
                0x080058c8      0x1ac ./Core/Src/optiga_cmd.o
 .text.optiga_cmd_open_application_handler
                0x08005a74      0x148 ./Core/Src/optiga_cmd.o
 .text.optiga_cmd_open_application
                0x08005bbc       0x34 ./Core/Src/optiga_cmd.o
                0x08005bbc                optiga_cmd_open_application
 .text.optiga_cmd_get_data_object_handler
                0x08005bf0      0x20e ./Core/Src/optiga_cmd.o
 *fill*         0x08005dfe        0x2 
 .text.optiga_cmd_get_data_object
                0x08005e00       0x34 ./Core/Src/optiga_cmd.o
                0x08005e00                optiga_cmd_get_data_object
 .text.optiga_cmd_verify_sign_handler
                0x08005e34      0x1e6 ./Core/Src/optiga_cmd.o
 *fill*         0x0800601a        0x2 
 .text.optiga_cmd_verify_sign
                0x0800601c       0x34 ./Core/Src/optiga_cmd.o
                0x0800601c                optiga_cmd_verify_sign
 .text.optiga_comms_create
                0x08006050       0x4c ./Core/Src/optiga_comms_ifx_i2c.o
                0x08006050                optiga_comms_create
 .text.optiga_comms_destroy
                0x0800609c       0x2e ./Core/Src/optiga_comms_ifx_i2c.o
                0x0800609c                optiga_comms_destroy
 .text.optiga_comms_set_callback_context
                0x080060ca       0x1e ./Core/Src/optiga_comms_ifx_i2c.o
                0x080060ca                optiga_comms_set_callback_context
 .text.optiga_comms_open
                0x080060e8       0x70 ./Core/Src/optiga_comms_ifx_i2c.o
                0x080060e8                optiga_comms_open
 .text.optiga_comms_transceive
                0x08006158       0x8c ./Core/Src/optiga_comms_ifx_i2c.o
                0x08006158                optiga_comms_transceive
 .text.optiga_comms_close
                0x080061e4       0x64 ./Core/Src/optiga_comms_ifx_i2c.o
                0x080061e4                optiga_comms_close
 .text.check_optiga_comms_state
                0x08006248       0x34 ./Core/Src/optiga_comms_ifx_i2c.o
 .text.ifx_i2c_event_handler
                0x0800627c       0x2c ./Core/Src/optiga_comms_ifx_i2c.o
 .text.optiga_crypt_generic_event_handler
                0x080062a8       0x2e ./Core/Src/optiga_crypt.o
 .text.optiga_crypt_reset_protection_level
                0x080062d6       0x20 ./Core/Src/optiga_crypt.o
 .text.optiga_crypt_verify
                0x080062f6       0xf8 ./Core/Src/optiga_crypt.o
 .text.optiga_crypt_set_comms_params
                0x080063ee       0x3c ./Core/Src/optiga_crypt.o
                0x080063ee                optiga_crypt_set_comms_params
 *fill*         0x0800642a        0x2 
 .text.optiga_crypt_create
                0x0800642c       0x88 ./Core/Src/optiga_crypt.o
                0x0800642c                optiga_crypt_create
 .text.optiga_crypt_destroy
                0x080064b4       0x46 ./Core/Src/optiga_crypt.o
                0x080064b4                optiga_crypt_destroy
 .text.optiga_crypt_ecdsa_verify
                0x080064fa       0x3c ./Core/Src/optiga_crypt.o
                0x080064fa                optiga_crypt_ecdsa_verify
 .text.optiga_common_set_uint16
                0x08006536       0x2e ./Core/Src/optiga_lib_common.o
                0x08006536                optiga_common_set_uint16
 .text.optiga_common_set_uint32
                0x08006564       0x42 ./Core/Src/optiga_lib_common.o
                0x08006564                optiga_common_set_uint32
 .text.optiga_common_get_uint32
                0x080065a6       0x3a ./Core/Src/optiga_lib_common.o
                0x080065a6                optiga_common_get_uint32
 .text.optiga_util_generic_event_handler
                0x080065e0       0x2c ./Core/Src/optiga_util.o
 .text.optiga_util_reset_protection_level
                0x0800660c       0x20 ./Core/Src/optiga_util.o
 .text.optiga_util_set_comms_params
                0x0800662c       0x3c ./Core/Src/optiga_util.o
                0x0800662c                optiga_util_set_comms_params
 .text.optiga_util_create
                0x08006668       0x84 ./Core/Src/optiga_util.o
                0x08006668                optiga_util_create
 .text.optiga_util_open_application
                0x080066ec       0xb4 ./Core/Src/optiga_util.o
                0x080066ec                optiga_util_open_application
 .text.optiga_util_read_data
                0x080067a0       0xe6 ./Core/Src/optiga_util.o
                0x080067a0                optiga_util_read_data
 .text.pal_init
                0x08006886       0x10 ./Core/Src/pal.o
                0x08006886                pal_init
 .text.pal_deinit
                0x08006896       0x10 ./Core/Src/pal.o
                0x08006896                pal_deinit
 .text.pal_crypt_tls_prf_sha256
                0x080068a6       0x4c ./Core/Src/pal_crypt_stub.o
                0x080068a6                pal_crypt_tls_prf_sha256
 .text.pal_crypt_encrypt_aes128_ccm
                0x080068f2       0x42 ./Core/Src/pal_crypt_stub.o
                0x080068f2                pal_crypt_encrypt_aes128_ccm
 .text.pal_crypt_decrypt_aes128_ccm
                0x08006934       0x42 ./Core/Src/pal_crypt_stub.o
                0x08006934                pal_crypt_decrypt_aes128_ccm
 .text.pal_gpio_set_high
                0x08006976       0x20 ./Core/Src/pal_gpio.o
                0x08006976                pal_gpio_set_high
 .text.pal_gpio_set_low
                0x08006996       0x20 ./Core/Src/pal_gpio.o
                0x08006996                pal_gpio_set_low
 *fill*         0x080069b6        0x2 
 .text.pal_i2c_acquire
                0x080069b8       0x30 ./Core/Src/pal_i2c.o
 .text.pal_i2c_release
                0x080069e8       0x20 ./Core/Src/pal_i2c.o
 .text.invoke_upper_layer_callback
                0x08006a08       0x38 ./Core/Src/pal_i2c.o
 .text.pal_i2c_init
                0x08006a40       0x16 ./Core/Src/pal_i2c.o
                0x08006a40                pal_i2c_init
 .text.pal_i2c_deinit
                0x08006a56       0x16 ./Core/Src/pal_i2c.o
                0x08006a56                pal_i2c_deinit
 .text.pal_i2c_write
                0x08006a6c       0x7c ./Core/Src/pal_i2c.o
                0x08006a6c                pal_i2c_write
 .text.pal_i2c_read
                0x08006ae8       0x7c ./Core/Src/pal_i2c.o
                0x08006ae8                pal_i2c_read
 .text.pal_i2c_set_bitrate
                0x08006b64       0x1a ./Core/Src/pal_i2c.o
                0x08006b64                pal_i2c_set_bitrate
 *fill*         0x08006b7e        0x2 
 .text.pal_os_datastore_write
                0x08006b80       0xfc ./Core/Src/pal_os_datastore.o
                0x08006b80                pal_os_datastore_write
 .text.pal_os_datastore_read
                0x08006c7c      0x110 ./Core/Src/pal_os_datastore.o
                0x08006c7c                pal_os_datastore_read
 .text.pal_os_event_start
                0x08006d8c       0x30 ./Core/Src/pal_os_event.o
                0x08006d8c                pal_os_event_start
 .text.pal_os_event_stop
                0x08006dbc       0x1a ./Core/Src/pal_os_event.o
                0x08006dbc                pal_os_event_stop
 *fill*         0x08006dd6        0x2 
 .text.pal_os_event_create
                0x08006dd8       0x30 ./Core/Src/pal_os_event.o
                0x08006dd8                pal_os_event_create
 .text.pal_os_event_register_callback_oneshot
                0x08006e08       0x58 ./Core/Src/pal_os_event.o
                0x08006e08                pal_os_event_register_callback_oneshot
 .text.pal_os_event_trigger_registered_callback
                0x08006e60       0x44 ./Core/Src/pal_os_event.o
                0x08006e60                pal_os_event_trigger_registered_callback
 .text.pal_os_event_timer_tick
                0x08006ea4       0x2c ./Core/Src/pal_os_event.o
                0x08006ea4                pal_os_event_timer_tick
 .text.pal_os_event_destroy
                0x08006ed0       0x14 ./Core/Src/pal_os_event.o
                0x08006ed0                pal_os_event_destroy
 .text.pal_os_lock_enter_critical_section
                0x08006ee4        0xe ./Core/Src/pal_os_lock.o
                0x08006ee4                pal_os_lock_enter_critical_section
 .text.pal_os_lock_exit_critical_section
                0x08006ef2        0xe ./Core/Src/pal_os_lock.o
                0x08006ef2                pal_os_lock_exit_critical_section
 .text.pal_os_calloc
                0x08006f00       0x1c ./Core/Src/pal_os_memory.o
                0x08006f00                pal_os_calloc
 .text.pal_os_free
                0x08006f1c       0x16 ./Core/Src/pal_os_memory.o
                0x08006f1c                pal_os_free
 .text.pal_os_memcpy
                0x08006f32       0x1e ./Core/Src/pal_os_memory.o
                0x08006f32                pal_os_memcpy
 .text.pal_os_memset
                0x08006f50       0x22 ./Core/Src/pal_os_memory.o
                0x08006f50                pal_os_memset
 .text.pal_os_timer_get_time_in_milliseconds
                0x08006f72        0xe ./Core/Src/pal_os_timer.o
                0x08006f72                pal_os_timer_get_time_in_milliseconds
 .text.pal_os_timer_get_time_in_microseconds
                0x08006f80       0x16 ./Core/Src/pal_os_timer.o
                0x08006f80                pal_os_timer_get_time_in_microseconds
 *fill*         0x08006f96        0x2 
 .text.mbedtls_platform_zeroize
                0x08006f98       0x24 ./Core/Src/platform_util.o
                0x08006f98                mbedtls_platform_zeroize
 .text.mbedtls_sha256_init
                0x08006fbc       0x1a ./Core/Src/sha256.o
                0x08006fbc                mbedtls_sha256_init
 .text.mbedtls_sha256_free
                0x08006fd6       0x20 ./Core/Src/sha256.o
                0x08006fd6                mbedtls_sha256_free
 *fill*         0x08006ff6        0x2 
 .text.mbedtls_sha256_starts_ret
                0x08006ff8       0xd4 ./Core/Src/sha256.o
                0x08006ff8                mbedtls_sha256_starts_ret
 .text.mbedtls_internal_sha256_process
                0x080070cc     0x1a94 ./Core/Src/sha256.o
                0x080070cc                mbedtls_internal_sha256_process
 .text.mbedtls_sha256_update_ret
                0x08008b60       0xea ./Core/Src/sha256.o
                0x08008b60                mbedtls_sha256_update_ret
 .text.mbedtls_sha256_finish_ret
                0x08008c4a      0x2ce ./Core/Src/sha256.o
                0x08008c4a                mbedtls_sha256_finish_ret
 .text.HAL_MspInit
                0x08008f18       0x50 ./Core/Src/stm32f4xx_hal_msp.o
                0x08008f18                HAL_MspInit
 .text.HAL_I2C_MspInit
                0x08008f68       0xa0 ./Core/Src/stm32f4xx_hal_msp.o
                0x08008f68                HAL_I2C_MspInit
 .text.HAL_TIM_Base_MspInit
                0x08009008       0x4c ./Core/Src/stm32f4xx_hal_msp.o
                0x08009008                HAL_TIM_Base_MspInit
 .text.HAL_UART_MspInit
                0x08009054       0xa0 ./Core/Src/stm32f4xx_hal_msp.o
                0x08009054                HAL_UART_MspInit
 .text.NMI_Handler
                0x080090f4        0x8 ./Core/Src/stm32f4xx_it.o
                0x080090f4                NMI_Handler
 .text.HardFault_Handler
                0x080090fc        0x8 ./Core/Src/stm32f4xx_it.o
                0x080090fc                HardFault_Handler
 .text.MemManage_Handler
                0x08009104        0x8 ./Core/Src/stm32f4xx_it.o
                0x08009104                MemManage_Handler
 .text.BusFault_Handler
                0x0800910c        0x8 ./Core/Src/stm32f4xx_it.o
                0x0800910c                BusFault_Handler
 .text.UsageFault_Handler
                0x08009114        0x8 ./Core/Src/stm32f4xx_it.o
                0x08009114                UsageFault_Handler
 .text.SVC_Handler
                0x0800911c        0xe ./Core/Src/stm32f4xx_it.o
                0x0800911c                SVC_Handler
 .text.DebugMon_Handler
                0x0800912a        0xe ./Core/Src/stm32f4xx_it.o
                0x0800912a                DebugMon_Handler
 .text.PendSV_Handler
                0x08009138        0xe ./Core/Src/stm32f4xx_it.o
                0x08009138                PendSV_Handler
 .text.SysTick_Handler
                0x08009146        0xc ./Core/Src/stm32f4xx_it.o
                0x08009146                SysTick_Handler
 *fill*         0x08009152        0x2 
 .text.TIM2_IRQHandler
                0x08009154       0x14 ./Core/Src/stm32f4xx_it.o
                0x08009154                TIM2_IRQHandler
 .text.I2C1_EV_IRQHandler
                0x08009168       0x14 ./Core/Src/stm32f4xx_it.o
                0x08009168                I2C1_EV_IRQHandler
 .text.I2C1_ER_IRQHandler
                0x0800917c       0x14 ./Core/Src/stm32f4xx_it.o
                0x0800917c                I2C1_ER_IRQHandler
 .text.USART2_IRQHandler
                0x08009190       0x14 ./Core/Src/stm32f4xx_it.o
                0x08009190                USART2_IRQHandler
 .text.EXTI15_10_IRQHandler
                0x080091a4       0x10 ./Core/Src/stm32f4xx_it.o
                0x080091a4                EXTI15_10_IRQHandler
 .text._read    0x080091b4       0x3a ./Core/Src/syscalls.o
                0x080091b4                _read
 .text._write   0x080091ee       0x38 ./Core/Src/syscalls.o
                0x080091ee                _write
 .text._close   0x08009226       0x18 ./Core/Src/syscalls.o
                0x08009226                _close
 .text._fstat   0x0800923e       0x20 ./Core/Src/syscalls.o
                0x0800923e                _fstat
 .text._isatty  0x0800925e       0x16 ./Core/Src/syscalls.o
                0x0800925e                _isatty
 .text._lseek   0x08009274       0x1a ./Core/Src/syscalls.o
                0x08009274                _lseek
 *fill*         0x0800928e        0x2 
 .text._sbrk    0x08009290       0x6c ./Core/Src/sysmem.o
                0x08009290                _sbrk
 .text.SystemInit
                0x080092fc       0x24 ./Core/Src/system_stm32f4xx.o
                0x080092fc                SystemInit
 .text.Reset_Handler
                0x08009320       0x50 ./Core/Startup/startup_stm32f401retx.o
                0x08009320                Reset_Handler
 .text.Default_Handler
                0x08009370        0x2 ./Core/Startup/startup_stm32f401retx.o
                0x08009370                DMA1_Stream3_IRQHandler
                0x08009370                EXTI2_IRQHandler
                0x08009370                SPI4_IRQHandler
                0x08009370                TIM1_CC_IRQHandler
                0x08009370                DMA2_Stream5_IRQHandler
                0x08009370                DMA1_Stream5_IRQHandler
                0x08009370                PVD_IRQHandler
                0x08009370                SDIO_IRQHandler
                0x08009370                TAMP_STAMP_IRQHandler
                0x08009370                EXTI3_IRQHandler
                0x08009370                TIM1_UP_TIM10_IRQHandler
                0x08009370                I2C3_ER_IRQHandler
                0x08009370                EXTI0_IRQHandler
                0x08009370                I2C2_EV_IRQHandler
                0x08009370                DMA1_Stream2_IRQHandler
                0x08009370                FPU_IRQHandler
                0x08009370                DMA2_Stream2_IRQHandler
                0x08009370                SPI1_IRQHandler
                0x08009370                TIM1_BRK_TIM9_IRQHandler
                0x08009370                DMA2_Stream3_IRQHandler
                0x08009370                USART6_IRQHandler
                0x08009370                DMA2_Stream0_IRQHandler
                0x08009370                TIM4_IRQHandler
                0x08009370                DMA1_Stream6_IRQHandler
                0x08009370                DMA1_Stream1_IRQHandler
                0x08009370                TIM3_IRQHandler
                0x08009370                RCC_IRQHandler
                0x08009370                Default_Handler
                0x08009370                ADC_IRQHandler
                0x08009370                DMA1_Stream7_IRQHandler
                0x08009370                TIM5_IRQHandler
                0x08009370                DMA2_Stream7_IRQHandler
                0x08009370                I2C3_EV_IRQHandler
                0x08009370                EXTI9_5_IRQHandler
                0x08009370                RTC_WKUP_IRQHandler
                0x08009370                SPI2_IRQHandler
                0x08009370                DMA1_Stream0_IRQHandler
                0x08009370                EXTI4_IRQHandler
                0x08009370                WWDG_IRQHandler
                0x08009370                OTG_FS_WKUP_IRQHandler
                0x08009370                TIM1_TRG_COM_TIM11_IRQHandler
                0x08009370                EXTI1_IRQHandler
                0x08009370                I2C2_ER_IRQHandler
                0x08009370                DMA2_Stream1_IRQHandler
                0x08009370                FLASH_IRQHandler
                0x08009370                DMA2_Stream4_IRQHandler
                0x08009370                USART1_IRQHandler
                0x08009370                OTG_FS_IRQHandler
                0x08009370                SPI3_IRQHandler
                0x08009370                DMA1_Stream4_IRQHandler
                0x08009370                DMA2_Stream6_IRQHandler
                0x08009370                RTC_Alarm_IRQHandler
 *fill*         0x08009372        0x2 
 .text.HAL_Init
                0x08009374       0x44 ./Drivers/STM32F4xx_HAL_Driver/Src/stm32f4xx_hal.o
                0x08009374                HAL_Init
 .text.HAL_DeInit
                0x080093b8       0x5c ./Drivers/STM32F4xx_HAL_Driver/Src/stm32f4xx_hal.o
                0x080093b8                HAL_DeInit
 .text.HAL_MspDeInit
                0x08009414        0xe ./Drivers/STM32F4xx_HAL_Driver/Src/stm32f4xx_hal.o
                0x08009414                HAL_MspDeInit
 *fill*         0x08009422        0x2 
 .text.HAL_InitTick
                0x08009424       0x60 ./Drivers/STM32F4xx_HAL_Driver/Src/stm32f4xx_hal.o
                0x08009424                HAL_InitTick
 .text.HAL_IncTick
                0x08009484       0x28 ./Drivers/STM32F4xx_HAL_Driver/Src/stm32f4xx_hal.o
                0x08009484                HAL_IncTick
 .text.HAL_GetTick
                0x080094ac       0x18 ./Drivers/STM32F4xx_HAL_Driver/Src/stm32f4xx_hal.o
                0x080094ac                HAL_GetTick
 .text.HAL_Delay
                0x080094c4       0x48 ./Drivers/STM32F4xx_HAL_Driver/Src/stm32f4xx_hal.o
                0x080094c4                HAL_Delay
 .text.__NVIC_SetPriorityGrouping
                0x0800950c       0x48 ./Drivers/STM32F4xx_HAL_Driver/Src/stm32f4xx_hal_cortex.o
 .text.__NVIC_GetPriorityGrouping
                0x08009554       0x1c ./Drivers/STM32F4xx_HAL_Driver/Src/stm32f4xx_hal_cortex.o
 .text.__NVIC_EnableIRQ
                0x08009570       0x3c ./Drivers/STM32F4xx_HAL_Driver/Src/stm32f4xx_hal_cortex.o
 .text.__NVIC_SetPriority
                0x080095ac       0x54 ./Drivers/STM32F4xx_HAL_Driver/Src/stm32f4xx_hal_cortex.o
 .text.NVIC_EncodePriority
                0x08009600       0x66 ./Drivers/STM32F4xx_HAL_Driver/Src/stm32f4xx_hal_cortex.o
 *fill*         0x08009666        0x2 
 .text.__NVIC_SystemReset
                0x08009668       0x2c ./Drivers/STM32F4xx_HAL_Driver/Src/stm32f4xx_hal_cortex.o
 .text.SysTick_Config
                0x08009694       0x44 ./Drivers/STM32F4xx_HAL_Driver/Src/stm32f4xx_hal_cortex.o
 .text.HAL_NVIC_SetPriorityGrouping
                0x080096d8       0x16 ./Drivers/STM32F4xx_HAL_Driver/Src/stm32f4xx_hal_cortex.o
                0x080096d8                HAL_NVIC_SetPriorityGrouping
 .text.HAL_NVIC_SetPriority
                0x080096ee       0x38 ./Drivers/STM32F4xx_HAL_Driver/Src/stm32f4xx_hal_cortex.o
                0x080096ee                HAL_NVIC_SetPriority
 .text.HAL_NVIC_EnableIRQ
                0x08009726       0x1c ./Drivers/STM32F4xx_HAL_Driver/Src/stm32f4xx_hal_cortex.o
                0x08009726                HAL_NVIC_EnableIRQ
 .text.HAL_NVIC_SystemReset
                0x08009742        0x8 ./Drivers/STM32F4xx_HAL_Driver/Src/stm32f4xx_hal_cortex.o
                0x08009742                HAL_NVIC_SystemReset
 .text.HAL_SYSTICK_Config
                0x0800974a       0x18 ./Drivers/STM32F4xx_HAL_Driver/Src/stm32f4xx_hal_cortex.o
                0x0800974a                HAL_SYSTICK_Config
 .text.HAL_DMA_Abort
                0x08009762       0xe0 ./Drivers/STM32F4xx_HAL_Driver/Src/stm32f4xx_hal_dma.o
                0x08009762                HAL_DMA_Abort
 .text.HAL_DMA_Abort_IT
                0x08009842       0x44 ./Drivers/STM32F4xx_HAL_Driver/Src/stm32f4xx_hal_dma.o
                0x08009842                HAL_DMA_Abort_IT
 .text.HAL_DMA_GetState
                0x08009886       0x1c ./Drivers/STM32F4xx_HAL_Driver/Src/stm32f4xx_hal_dma.o
                0x08009886                HAL_DMA_GetState
 *fill*         0x080098a2        0x2 
 .text.HAL_FLASH_Program
                0x080098a4       0xa4 ./Drivers/STM32F4xx_HAL_Driver/Src/stm32f4xx_hal_flash.o
                0x080098a4                HAL_FLASH_Program
 .text.HAL_FLASH_Unlock
                0x08009948       0x44 ./Drivers/STM32F4xx_HAL_Driver/Src/stm32f4xx_hal_flash.o
                0x08009948                HAL_FLASH_Unlock
 .text.HAL_FLASH_Lock
                0x0800998c       0x20 ./Drivers/STM32F4xx_HAL_Driver/Src/stm32f4xx_hal_flash.o
                0x0800998c                HAL_FLASH_Lock
 .text.FLASH_WaitForLastOperation
                0x080099ac       0x80 ./Drivers/STM32F4xx_HAL_Driver/Src/stm32f4xx_hal_flash.o
                0x080099ac                FLASH_WaitForLastOperation
 .text.FLASH_Program_DoubleWord
                0x08009a2c       0x64 ./Drivers/STM32F4xx_HAL_Driver/Src/stm32f4xx_hal_flash.o
 .text.FLASH_Program_Word
                0x08009a90       0x44 ./Drivers/STM32F4xx_HAL_Driver/Src/stm32f4xx_hal_flash.o
 .text.FLASH_Program_HalfWord
                0x08009ad4       0x48 ./Drivers/STM32F4xx_HAL_Driver/Src/stm32f4xx_hal_flash.o
 .text.FLASH_Program_Byte
                0x08009b1c       0x44 ./Drivers/STM32F4xx_HAL_Driver/Src/stm32f4xx_hal_flash.o
 .text.FLASH_SetErrorCode
                0x08009b60       0xcc ./Drivers/STM32F4xx_HAL_Driver/Src/stm32f4xx_hal_flash.o
 .text.HAL_FLASHEx_Erase
                0x08009c2c       0xdc ./Drivers/STM32F4xx_HAL_Driver/Src/stm32f4xx_hal_flash_ex.o
                0x08009c2c                HAL_FLASHEx_Erase
 .text.FLASH_MassErase
                0x08009d08       0x48 ./Drivers/STM32F4xx_HAL_Driver/Src/stm32f4xx_hal_flash_ex.o
 .text.FLASH_Erase_Sector
                0x08009d50       0x90 ./Drivers/STM32F4xx_HAL_Driver/Src/stm32f4xx_hal_flash_ex.o
                0x08009d50                FLASH_Erase_Sector
 .text.FLASH_FlushCaches
                0x08009de0       0x8c ./Drivers/STM32F4xx_HAL_Driver/Src/stm32f4xx_hal_flash_ex.o
                0x08009de0                FLASH_FlushCaches
 .text.HAL_GPIO_Init
                0x08009e6c      0x308 ./Drivers/STM32F4xx_HAL_Driver/Src/stm32f4xx_hal_gpio.o
                0x08009e6c                HAL_GPIO_Init
 .text.HAL_GPIO_ReadPin
                0x0800a174       0x30 ./Drivers/STM32F4xx_HAL_Driver/Src/stm32f4xx_hal_gpio.o
                0x0800a174                HAL_GPIO_ReadPin
 .text.HAL_GPIO_WritePin
                0x0800a1a4       0x32 ./Drivers/STM32F4xx_HAL_Driver/Src/stm32f4xx_hal_gpio.o
                0x0800a1a4                HAL_GPIO_WritePin
 .text.HAL_GPIO_TogglePin
                0x0800a1d6       0x34 ./Drivers/STM32F4xx_HAL_Driver/Src/stm32f4xx_hal_gpio.o
                0x0800a1d6                HAL_GPIO_TogglePin
 *fill*         0x0800a20a        0x2 
 .text.HAL_GPIO_EXTI_IRQHandler
                0x0800a20c       0x30 ./Drivers/STM32F4xx_HAL_Driver/Src/stm32f4xx_hal_gpio.o
                0x0800a20c                HAL_GPIO_EXTI_IRQHandler
 .text.HAL_GPIO_EXTI_Callback
                0x0800a23c       0x16 ./Drivers/STM32F4xx_HAL_Driver/Src/stm32f4xx_hal_gpio.o
                0x0800a23c                HAL_GPIO_EXTI_Callback
 *fill*         0x0800a252        0x2 
 .text.HAL_I2C_Init
                0x0800a254      0x288 ./Drivers/STM32F4xx_HAL_Driver/Src/stm32f4xx_hal_i2c.o
                0x0800a254                HAL_I2C_Init
 .text.I2C_Flush_DR
                0x0800a4dc       0x2a ./Drivers/STM32F4xx_HAL_Driver/Src/stm32f4xx_hal_i2c.o
 *fill*         0x0800a506        0x2 
 .text.HAL_I2C_Master_Transmit
                0x0800a508      0x1fc ./Drivers/STM32F4xx_HAL_Driver/Src/stm32f4xx_hal_i2c.o
                0x0800a508                HAL_I2C_Master_Transmit
 .text.HAL_I2C_Master_Receive
                0x0800a704      0x464 ./Drivers/STM32F4xx_HAL_Driver/Src/stm32f4xx_hal_i2c.o
                0x0800a704                HAL_I2C_Master_Receive
 .text.HAL_I2C_IsDeviceReady
                0x0800ab68      0x25c ./Drivers/STM32F4xx_HAL_Driver/Src/stm32f4xx_hal_i2c.o
                0x0800ab68                HAL_I2C_IsDeviceReady
 .text.HAL_I2C_EV_IRQHandler
                0x0800adc4      0x2a6 ./Drivers/STM32F4xx_HAL_Driver/Src/stm32f4xx_hal_i2c.o
                0x0800adc4                HAL_I2C_EV_IRQHandler
 .text.HAL_I2C_ER_IRQHandler
                0x0800b06a      0x13e ./Drivers/STM32F4xx_HAL_Driver/Src/stm32f4xx_hal_i2c.o
                0x0800b06a                HAL_I2C_ER_IRQHandler
 .text.HAL_I2C_MasterTxCpltCallback
                0x0800b1a8       0x14 ./Drivers/STM32F4xx_HAL_Driver/Src/stm32f4xx_hal_i2c.o
                0x0800b1a8                HAL_I2C_MasterTxCpltCallback
 .text.HAL_I2C_MasterRxCpltCallback
                0x0800b1bc       0x14 ./Drivers/STM32F4xx_HAL_Driver/Src/stm32f4xx_hal_i2c.o
                0x0800b1bc                HAL_I2C_MasterRxCpltCallback
 .text.HAL_I2C_SlaveTxCpltCallback
                0x0800b1d0       0x14 ./Drivers/STM32F4xx_HAL_Driver/Src/stm32f4xx_hal_i2c.o
                0x0800b1d0                HAL_I2C_SlaveTxCpltCallback
 .text.HAL_I2C_SlaveRxCpltCallback
                0x0800b1e4       0x14 ./Drivers/STM32F4xx_HAL_Driver/Src/stm32f4xx_hal_i2c.o
                0x0800b1e4                HAL_I2C_SlaveRxCpltCallback
 .text.HAL_I2C_AddrCallback
                0x0800b1f8       0x1c ./Drivers/STM32F4xx_HAL_Driver/Src/stm32f4xx_hal_i2c.o
                0x0800b1f8                HAL_I2C_AddrCallback
 .text.HAL_I2C_ListenCpltCallback
                0x0800b214       0x14 ./Drivers/STM32F4xx_HAL_Driver/Src/stm32f4xx_hal_i2c.o
                0x0800b214                HAL_I2C_ListenCpltCallback
 .text.HAL_I2C_MemTxCpltCallback
                0x0800b228       0x14 ./Drivers/STM32F4xx_HAL_Driver/Src/stm32f4xx_hal_i2c.o
                0x0800b228                HAL_I2C_MemTxCpltCallback
 .text.HAL_I2C_MemRxCpltCallback
                0x0800b23c       0x14 ./Drivers/STM32F4xx_HAL_Driver/Src/stm32f4xx_hal_i2c.o
                0x0800b23c                HAL_I2C_MemRxCpltCallback
 .text.HAL_I2C_ErrorCallback
                0x0800b250       0x14 ./Drivers/STM32F4xx_HAL_Driver/Src/stm32f4xx_hal_i2c.o
                0x0800b250                HAL_I2C_ErrorCallback
 .text.HAL_I2C_AbortCpltCallback
                0x0800b264       0x14 ./Drivers/STM32F4xx_HAL_Driver/Src/stm32f4xx_hal_i2c.o
                0x0800b264                HAL_I2C_AbortCpltCallback
 .text.I2C_MasterTransmit_TXE
                0x0800b278      0x138 ./Drivers/STM32F4xx_HAL_Driver/Src/stm32f4xx_hal_i2c.o
 .text.I2C_MasterTransmit_BTF
                0x0800b3b0       0xec ./Drivers/STM32F4xx_HAL_Driver/Src/stm32f4xx_hal_i2c.o
 .text.I2C_MemoryTransmit_TXE_BTF
                0x0800b49c      0x130 ./Drivers/STM32F4xx_HAL_Driver/Src/stm32f4xx_hal_i2c.o
 .text.I2C_MasterReceive_RXNE
                0x0800b5cc      0x190 ./Drivers/STM32F4xx_HAL_Driver/Src/stm32f4xx_hal_i2c.o
 .text.I2C_MasterReceive_BTF
                0x0800b75c      0x1e2 ./Drivers/STM32F4xx_HAL_Driver/Src/stm32f4xx_hal_i2c.o
 .text.I2C_Master_SB
                0x0800b93e      0x10c ./Drivers/STM32F4xx_HAL_Driver/Src/stm32f4xx_hal_i2c.o
 .text.I2C_Master_ADD10
                0x0800ba4a       0x54 ./Drivers/STM32F4xx_HAL_Driver/Src/stm32f4xx_hal_i2c.o
 .text.I2C_Master_ADDR
                0x0800ba9e      0x322 ./Drivers/STM32F4xx_HAL_Driver/Src/stm32f4xx_hal_i2c.o
 .text.I2C_SlaveTransmit_TXE
                0x0800bdc0       0x7a ./Drivers/STM32F4xx_HAL_Driver/Src/stm32f4xx_hal_i2c.o
 .text.I2C_SlaveTransmit_BTF
                0x0800be3a       0x42 ./Drivers/STM32F4xx_HAL_Driver/Src/stm32f4xx_hal_i2c.o
 .text.I2C_SlaveReceive_RXNE
                0x0800be7c       0x7c ./Drivers/STM32F4xx_HAL_Driver/Src/stm32f4xx_hal_i2c.o
 .text.I2C_SlaveReceive_BTF
                0x0800bef8       0x44 ./Drivers/STM32F4xx_HAL_Driver/Src/stm32f4xx_hal_i2c.o
 .text.I2C_Slave_ADDR
                0x0800bf3c       0x90 ./Drivers/STM32F4xx_HAL_Driver/Src/stm32f4xx_hal_i2c.o
 .text.I2C_Slave_STOPF
                0x0800bfcc      0x260 ./Drivers/STM32F4xx_HAL_Driver/Src/stm32f4xx_hal_i2c.o
 .text.I2C_Slave_AF
                0x0800c22c       0xe8 ./Drivers/STM32F4xx_HAL_Driver/Src/stm32f4xx_hal_i2c.o
 .text.I2C_ITError
                0x0800c314      0x264 ./Drivers/STM32F4xx_HAL_Driver/Src/stm32f4xx_hal_i2c.o
 .text.I2C_MasterRequestWrite
                0x0800c578      0x104 ./Drivers/STM32F4xx_HAL_Driver/Src/stm32f4xx_hal_i2c.o
 .text.I2C_MasterRequestRead
                0x0800c67c      0x19c ./Drivers/STM32F4xx_HAL_Driver/Src/stm32f4xx_hal_i2c.o
 .text.I2C_DMAAbort
                0x0800c818      0x150 ./Drivers/STM32F4xx_HAL_Driver/Src/stm32f4xx_hal_i2c.o
 .text.I2C_WaitOnFlagUntilTimeout
                0x0800c968       0xf4 ./Drivers/STM32F4xx_HAL_Driver/Src/stm32f4xx_hal_i2c.o
 .text.I2C_WaitOnMasterAddressFlagUntilTimeout
                0x0800ca5c      0x140 ./Drivers/STM32F4xx_HAL_Driver/Src/stm32f4xx_hal_i2c.o
 .text.I2C_WaitOnTXEFlagUntilTimeout
                0x0800cb9c       0x90 ./Drivers/STM32F4xx_HAL_Driver/Src/stm32f4xx_hal_i2c.o
 .text.I2C_WaitOnBTFFlagUntilTimeout
                0x0800cc2c       0x90 ./Drivers/STM32F4xx_HAL_Driver/Src/stm32f4xx_hal_i2c.o
 .text.I2C_WaitOnSTOPRequestThroughIT
                0x0800ccbc       0x64 ./Drivers/STM32F4xx_HAL_Driver/Src/stm32f4xx_hal_i2c.o
 .text.I2C_WaitOnRXNEFlagUntilTimeout
                0x0800cd20       0xba ./Drivers/STM32F4xx_HAL_Driver/Src/stm32f4xx_hal_i2c.o
 .text.I2C_IsAcknowledgeFailed
                0x0800cdda       0x5e ./Drivers/STM32F4xx_HAL_Driver/Src/stm32f4xx_hal_i2c.o
 .text.I2C_ConvertOtherXferOptions
                0x0800ce38       0x36 ./Drivers/STM32F4xx_HAL_Driver/Src/stm32f4xx_hal_i2c.o
 *fill*         0x0800ce6e        0x2 
 .text.HAL_RCC_OscConfig
                0x0800ce70      0x4f0 ./Drivers/STM32F4xx_HAL_Driver/Src/stm32f4xx_hal_rcc.o
                0x0800ce70                HAL_RCC_OscConfig
 .text.HAL_RCC_ClockConfig
                0x0800d360      0x1cc ./Drivers/STM32F4xx_HAL_Driver/Src/stm32f4xx_hal_rcc.o
                0x0800d360                HAL_RCC_ClockConfig
 .text.HAL_RCC_GetSysClockFreq
                0x0800d52c      0x20c ./Drivers/STM32F4xx_HAL_Driver/Src/stm32f4xx_hal_rcc.o
                0x0800d52c                HAL_RCC_GetSysClockFreq
 .text.HAL_RCC_GetHCLKFreq
                0x0800d738       0x18 ./Drivers/STM32F4xx_HAL_Driver/Src/stm32f4xx_hal_rcc.o
                0x0800d738                HAL_RCC_GetHCLKFreq
 .text.HAL_RCC_GetPCLK1Freq
                0x0800d750       0x28 ./Drivers/STM32F4xx_HAL_Driver/Src/stm32f4xx_hal_rcc.o
                0x0800d750                HAL_RCC_GetPCLK1Freq
 .text.HAL_RCC_GetPCLK2Freq
                0x0800d778       0x28 ./Drivers/STM32F4xx_HAL_Driver/Src/stm32f4xx_hal_rcc.o
                0x0800d778                HAL_RCC_GetPCLK2Freq
 .text.HAL_RCC_DeInit
                0x0800d7a0      0x19c ./Drivers/STM32F4xx_HAL_Driver/Src/stm32f4xx_hal_rcc_ex.o
                0x0800d7a0                HAL_RCC_DeInit
 .text.HAL_TIM_Base_Init
                0x0800d93c       0x9e ./Drivers/STM32F4xx_HAL_Driver/Src/stm32f4xx_hal_tim.o
                0x0800d93c                HAL_TIM_Base_Init
 *fill*         0x0800d9da        0x2 
 .text.HAL_TIM_Base_Start_IT
                0x0800d9dc       0xc4 ./Drivers/STM32F4xx_HAL_Driver/Src/stm32f4xx_hal_tim.o
                0x0800d9dc                HAL_TIM_Base_Start_IT
 .text.HAL_TIM_IRQHandler
                0x0800daa0      0x1e0 ./Drivers/STM32F4xx_HAL_Driver/Src/stm32f4xx_hal_tim.o
                0x0800daa0                HAL_TIM_IRQHandler
 .text.HAL_TIM_ConfigClockSource
                0x0800dc80      0x18e ./Drivers/STM32F4xx_HAL_Driver/Src/stm32f4xx_hal_tim.o
                0x0800dc80                HAL_TIM_ConfigClockSource
 .text.HAL_TIM_OC_DelayElapsedCallback
                0x0800de0e       0x14 ./Drivers/STM32F4xx_HAL_Driver/Src/stm32f4xx_hal_tim.o
                0x0800de0e                HAL_TIM_OC_DelayElapsedCallback
 .text.HAL_TIM_IC_CaptureCallback
                0x0800de22       0x14 ./Drivers/STM32F4xx_HAL_Driver/Src/stm32f4xx_hal_tim.o
                0x0800de22                HAL_TIM_IC_CaptureCallback
 .text.HAL_TIM_PWM_PulseFinishedCallback
                0x0800de36       0x14 ./Drivers/STM32F4xx_HAL_Driver/Src/stm32f4xx_hal_tim.o
                0x0800de36                HAL_TIM_PWM_PulseFinishedCallback
 .text.HAL_TIM_TriggerCallback
                0x0800de4a       0x14 ./Drivers/STM32F4xx_HAL_Driver/Src/stm32f4xx_hal_tim.o
                0x0800de4a                HAL_TIM_TriggerCallback
 *fill*         0x0800de5e        0x2 
 .text.TIM_Base_SetConfig
                0x0800de60      0x10c ./Drivers/STM32F4xx_HAL_Driver/Src/stm32f4xx_hal_tim.o
                0x0800de60                TIM_Base_SetConfig
 .text.TIM_TI1_ConfigInputStage
                0x0800df6c       0x5e ./Drivers/STM32F4xx_HAL_Driver/Src/stm32f4xx_hal_tim.o
 .text.TIM_TI2_ConfigInputStage
                0x0800dfca       0x60 ./Drivers/STM32F4xx_HAL_Driver/Src/stm32f4xx_hal_tim.o
 .text.TIM_ITRx_SetConfig
                0x0800e02a       0x36 ./Drivers/STM32F4xx_HAL_Driver/Src/stm32f4xx_hal_tim.o
 .text.TIM_ETR_SetConfig
                0x0800e060       0x40 ./Drivers/STM32F4xx_HAL_Driver/Src/stm32f4xx_hal_tim.o
                0x0800e060                TIM_ETR_SetConfig
 .text.HAL_TIMEx_MasterConfigSynchronization
                0x0800e0a0       0xdc ./Drivers/STM32F4xx_HAL_Driver/Src/stm32f4xx_hal_tim_ex.o
                0x0800e0a0                HAL_TIMEx_MasterConfigSynchronization
 .text.HAL_TIMEx_CommutCallback
                0x0800e17c       0x14 ./Drivers/STM32F4xx_HAL_Driver/Src/stm32f4xx_hal_tim_ex.o
                0x0800e17c                HAL_TIMEx_CommutCallback
 .text.HAL_TIMEx_BreakCallback
                0x0800e190       0x14 ./Drivers/STM32F4xx_HAL_Driver/Src/stm32f4xx_hal_tim_ex.o
                0x0800e190                HAL_TIMEx_BreakCallback
 .text.HAL_UART_Init
                0x0800e1a4       0xa0 ./Drivers/STM32F4xx_HAL_Driver/Src/stm32f4xx_hal_uart.o
                0x0800e1a4                HAL_UART_Init
 .text.HAL_UART_Transmit
                0x0800e244      0x116 ./Drivers/STM32F4xx_HAL_Driver/Src/stm32f4xx_hal_uart.o
                0x0800e244                HAL_UART_Transmit
 .text.HAL_UART_Receive
                0x0800e35a      0x12e ./Drivers/STM32F4xx_HAL_Driver/Src/stm32f4xx_hal_uart.o
                0x0800e35a                HAL_UART_Receive
 .text.HAL_UART_IRQHandler
                0x0800e488      0x554 ./Drivers/STM32F4xx_HAL_Driver/Src/stm32f4xx_hal_uart.o
                0x0800e488                HAL_UART_IRQHandler
 .text.HAL_UART_TxCpltCallback
                0x0800e9dc       0x14 ./Drivers/STM32F4xx_HAL_Driver/Src/stm32f4xx_hal_uart.o
                0x0800e9dc                HAL_UART_TxCpltCallback
 .text.HAL_UART_RxCpltCallback
                0x0800e9f0       0x14 ./Drivers/STM32F4xx_HAL_Driver/Src/stm32f4xx_hal_uart.o
                0x0800e9f0                HAL_UART_RxCpltCallback
 .text.HAL_UART_ErrorCallback
                0x0800ea04       0x14 ./Drivers/STM32F4xx_HAL_Driver/Src/stm32f4xx_hal_uart.o
                0x0800ea04                HAL_UART_ErrorCallback
 .text.HAL_UARTEx_RxEventCallback
                0x0800ea18       0x18 ./Drivers/STM32F4xx_HAL_Driver/Src/stm32f4xx_hal_uart.o
                0x0800ea18                HAL_UARTEx_RxEventCallback
 .text.UART_WaitOnFlagUntilTimeout
                0x0800ea30       0xb2 ./Drivers/STM32F4xx_HAL_Driver/Src/stm32f4xx_hal_uart.o
 .text.UART_EndRxTransfer
                0x0800eae2       0xc6 ./Drivers/STM32F4xx_HAL_Driver/Src/stm32f4xx_hal_uart.o
 .text.UART_DMAAbortOnError
                0x0800eba8       0x22 ./Drivers/STM32F4xx_HAL_Driver/Src/stm32f4xx_hal_uart.o
 .text.UART_Transmit_IT
                0x0800ebca       0xa0 ./Drivers/STM32F4xx_HAL_Driver/Src/stm32f4xx_hal_uart.o
 .text.UART_EndTransmit_IT
                0x0800ec6a       0x30 ./Drivers/STM32F4xx_HAL_Driver/Src/stm32f4xx_hal_uart.o
 .text.UART_Receive_IT
                0x0800ec9a      0x17c ./Drivers/STM32F4xx_HAL_Driver/Src/stm32f4xx_hal_uart.o
 *fill*         0x0800ee16        0x2 
 .text.UART_SetConfig
                0x0800ee18      0x4e8 ./Drivers/STM32F4xx_HAL_Driver/Src/stm32f4xx_hal_uart.o
 .text.calloc   0x0800f300       0x10 /Applications/STM32CubeIDE.app/Contents/Eclipse/plugins/com.st.stm32cube.ide.mcu.externaltools.gnu-tools-for-stm32.12.3.rel1.macos64_1.1.0.202410301201/tools/bin/../lib/gcc/arm-none-eabi/12.3.1/../../../../arm-none-eabi/lib/thumb/v7e-m+fp/hard/libc_nano.a(libc_a-calloc.o)
                0x0800f300                calloc
 .text._calloc_r
                0x0800f310       0x28 /Applications/STM32CubeIDE.app/Contents/Eclipse/plugins/com.st.stm32cube.ide.mcu.externaltools.gnu-tools-for-stm32.12.3.rel1.macos64_1.1.0.202410301201/tools/bin/../lib/gcc/arm-none-eabi/12.3.1/../../../../arm-none-eabi/lib/thumb/v7e-m+fp/hard/libc_nano.a(libc_a-callocr.o)
                0x0800f310                _calloc_r
 .text.free     0x0800f338       0x10 /Applications/STM32CubeIDE.app/Contents/Eclipse/plugins/com.st.stm32cube.ide.mcu.externaltools.gnu-tools-for-stm32.12.3.rel1.macos64_1.1.0.202410301201/tools/bin/../lib/gcc/arm-none-eabi/12.3.1/../../../../arm-none-eabi/lib/thumb/v7e-m+fp/hard/libc_nano.a(libc_a-malloc.o)
                0x0800f338                free
 .text.sbrk_aligned
                0x0800f348       0x44 /Applications/STM32CubeIDE.app/Contents/Eclipse/plugins/com.st.stm32cube.ide.mcu.externaltools.gnu-tools-for-stm32.12.3.rel1.macos64_1.1.0.202410301201/tools/bin/../lib/gcc/arm-none-eabi/12.3.1/../../../../arm-none-eabi/lib/thumb/v7e-m+fp/hard/libc_nano.a(libc_a-mallocr.o)
 .text._malloc_r
                0x0800f38c      0x100 /Applications/STM32CubeIDE.app/Contents/Eclipse/plugins/com.st.stm32cube.ide.mcu.externaltools.gnu-tools-for-stm32.12.3.rel1.macos64_1.1.0.202410301201/tools/bin/../lib/gcc/arm-none-eabi/12.3.1/../../../../arm-none-eabi/lib/thumb/v7e-m+fp/hard/libc_nano.a(libc_a-mallocr.o)
                0x0800f38c                _malloc_r
 .text.__malloc_lock
                0x0800f48c        0xc /Applications/STM32CubeIDE.app/Contents/Eclipse/plugins/com.st.stm32cube.ide.mcu.externaltools.gnu-tools-for-stm32.12.3.rel1.macos64_1.1.0.202410301201/tools/bin/../lib/gcc/arm-none-eabi/12.3.1/../../../../arm-none-eabi/lib/thumb/v7e-m+fp/hard/libc_nano.a(libc_a-mlock.o)
                0x0800f48c                __malloc_lock
 .text.__malloc_unlock
                0x0800f498        0xc /Applications/STM32CubeIDE.app/Contents/Eclipse/plugins/com.st.stm32cube.ide.mcu.externaltools.gnu-tools-for-stm32.12.3.rel1.macos64_1.1.0.202410301201/tools/bin/../lib/gcc/arm-none-eabi/12.3.1/../../../../arm-none-eabi/lib/thumb/v7e-m+fp/hard/libc_nano.a(libc_a-mlock.o)
                0x0800f498                __malloc_unlock
 .text.std      0x0800f4a4       0x6c /Applications/STM32CubeIDE.app/Contents/Eclipse/plugins/com.st.stm32cube.ide.mcu.externaltools.gnu-tools-for-stm32.12.3.rel1.macos64_1.1.0.202410301201/tools/bin/../lib/gcc/arm-none-eabi/12.3.1/../../../../arm-none-eabi/lib/thumb/v7e-m+fp/hard/libc_nano.a(libc_a-findfp.o)
 .text.stdio_exit_handler
                0x0800f510       0x18 /Applications/STM32CubeIDE.app/Contents/Eclipse/plugins/com.st.stm32cube.ide.mcu.externaltools.gnu-tools-for-stm32.12.3.rel1.macos64_1.1.0.202410301201/tools/bin/../lib/gcc/arm-none-eabi/12.3.1/../../../../arm-none-eabi/lib/thumb/v7e-m+fp/hard/libc_nano.a(libc_a-findfp.o)
 .text.cleanup_stdio
                0x0800f528       0x40 /Applications/STM32CubeIDE.app/Contents/Eclipse/plugins/com.st.stm32cube.ide.mcu.externaltools.gnu-tools-for-stm32.12.3.rel1.macos64_1.1.0.202410301201/tools/bin/../lib/gcc/arm-none-eabi/12.3.1/../../../../arm-none-eabi/lib/thumb/v7e-m+fp/hard/libc_nano.a(libc_a-findfp.o)
 .text.global_stdio_init.part.0
                0x0800f568       0x3c /Applications/STM32CubeIDE.app/Contents/Eclipse/plugins/com.st.stm32cube.ide.mcu.externaltools.gnu-tools-for-stm32.12.3.rel1.macos64_1.1.0.202410301201/tools/bin/../lib/gcc/arm-none-eabi/12.3.1/../../../../arm-none-eabi/lib/thumb/v7e-m+fp/hard/libc_nano.a(libc_a-findfp.o)
 .text.__sfp_lock_acquire
                0x0800f5a4        0xc /Applications/STM32CubeIDE.app/Contents/Eclipse/plugins/com.st.stm32cube.ide.mcu.externaltools.gnu-tools-for-stm32.12.3.rel1.macos64_1.1.0.202410301201/tools/bin/../lib/gcc/arm-none-eabi/12.3.1/../../../../arm-none-eabi/lib/thumb/v7e-m+fp/hard/libc_nano.a(libc_a-findfp.o)
                0x0800f5a4                __sfp_lock_acquire
 .text.__sfp_lock_release
                0x0800f5b0        0xc /Applications/STM32CubeIDE.app/Contents/Eclipse/plugins/com.st.stm32cube.ide.mcu.externaltools.gnu-tools-for-stm32.12.3.rel1.macos64_1.1.0.202410301201/tools/bin/../lib/gcc/arm-none-eabi/12.3.1/../../../../arm-none-eabi/lib/thumb/v7e-m+fp/hard/libc_nano.a(libc_a-findfp.o)
                0x0800f5b0                __sfp_lock_release
 .text.__sinit  0x0800f5bc       0x30 /Applications/STM32CubeIDE.app/Contents/Eclipse/plugins/com.st.stm32cube.ide.mcu.externaltools.gnu-tools-for-stm32.12.3.rel1.macos64_1.1.0.202410301201/tools/bin/../lib/gcc/arm-none-eabi/12.3.1/../../../../arm-none-eabi/lib/thumb/v7e-m+fp/hard/libc_nano.a(libc_a-findfp.o)
                0x0800f5bc                __sinit
 .text._fwalk_sglue
                0x0800f5ec       0x3c /Applications/STM32CubeIDE.app/Contents/Eclipse/plugins/com.st.stm32cube.ide.mcu.externaltools.gnu-tools-for-stm32.12.3.rel1.macos64_1.1.0.202410301201/tools/bin/../lib/gcc/arm-none-eabi/12.3.1/../../../../arm-none-eabi/lib/thumb/v7e-m+fp/hard/libc_nano.a(libc_a-fwalk.o)
                0x0800f5ec                _fwalk_sglue
 .text.printf   0x0800f628       0x24 /Applications/STM32CubeIDE.app/Contents/Eclipse/plugins/com.st.stm32cube.ide.mcu.externaltools.gnu-tools-for-stm32.12.3.rel1.macos64_1.1.0.202410301201/tools/bin/../lib/gcc/arm-none-eabi/12.3.1/../../../../arm-none-eabi/lib/thumb/v7e-m+fp/hard/libc_nano.a(libc_a-printf.o)
                0x0800f628                printf
                0x0800f628                iprintf
 .text._puts_r  0x0800f64c       0xaa /Applications/STM32CubeIDE.app/Contents/Eclipse/plugins/com.st.stm32cube.ide.mcu.externaltools.gnu-tools-for-stm32.12.3.rel1.macos64_1.1.0.202410301201/tools/bin/../lib/gcc/arm-none-eabi/12.3.1/../../../../arm-none-eabi/lib/thumb/v7e-m+fp/hard/libc_nano.a(libc_a-puts.o)
                0x0800f64c                _puts_r
 *fill*         0x0800f6f6        0x2 
 .text.puts     0x0800f6f8       0x10 /Applications/STM32CubeIDE.app/Contents/Eclipse/plugins/com.st.stm32cube.ide.mcu.externaltools.gnu-tools-for-stm32.12.3.rel1.macos64_1.1.0.202410301201/tools/bin/../lib/gcc/arm-none-eabi/12.3.1/../../../../arm-none-eabi/lib/thumb/v7e-m+fp/hard/libc_nano.a(libc_a-puts.o)
                0x0800f6f8                puts
 .text.memcmp   0x0800f708       0x20 /Applications/STM32CubeIDE.app/Contents/Eclipse/plugins/com.st.stm32cube.ide.mcu.externaltools.gnu-tools-for-stm32.12.3.rel1.macos64_1.1.0.202410301201/tools/bin/../lib/gcc/arm-none-eabi/12.3.1/../../../../arm-none-eabi/lib/thumb/v7e-m+fp/hard/libc_nano.a(libc_a-memcmp.o)
                0x0800f708                memcmp
 .text.memset   0x0800f728       0x10 /Applications/STM32CubeIDE.app/Contents/Eclipse/plugins/com.st.stm32cube.ide.mcu.externaltools.gnu-tools-for-stm32.12.3.rel1.macos64_1.1.0.202410301201/tools/bin/../lib/gcc/arm-none-eabi/12.3.1/../../../../arm-none-eabi/lib/thumb/v7e-m+fp/hard/libc_nano.a(libc_a-memset.o)
                0x0800f728                memset
 .text._sbrk_r  0x0800f738       0x20 /Applications/STM32CubeIDE.app/Contents/Eclipse/plugins/com.st.stm32cube.ide.mcu.externaltools.gnu-tools-for-stm32.12.3.rel1.macos64_1.1.0.202410301201/tools/bin/../lib/gcc/arm-none-eabi/12.3.1/../../../../arm-none-eabi/lib/thumb/v7e-m+fp/hard/libc_nano.a(libc_a-sbrkr.o)
                0x0800f738                _sbrk_r
 .text.__errno  0x0800f758        0xc /Applications/STM32CubeIDE.app/Contents/Eclipse/plugins/com.st.stm32cube.ide.mcu.externaltools.gnu-tools-for-stm32.12.3.rel1.macos64_1.1.0.202410301201/tools/bin/../lib/gcc/arm-none-eabi/12.3.1/../../../../arm-none-eabi/lib/thumb/v7e-m+fp/hard/libc_nano.a(libc_a-errno.o)
                0x0800f758                __errno
 .text.__libc_init_array
                0x0800f764       0x48 /Applications/STM32CubeIDE.app/Contents/Eclipse/plugins/com.st.stm32cube.ide.mcu.externaltools.gnu-tools-for-stm32.12.3.rel1.macos64_1.1.0.202410301201/tools/bin/../lib/gcc/arm-none-eabi/12.3.1/../../../../arm-none-eabi/lib/thumb/v7e-m+fp/hard/libc_nano.a(libc_a-init.o)
                0x0800f764                __libc_init_array
 .text.__retarget_lock_init_recursive
                0x0800f7ac        0x2 /Applications/STM32CubeIDE.app/Contents/Eclipse/plugins/com.st.stm32cube.ide.mcu.externaltools.gnu-tools-for-stm32.12.3.rel1.macos64_1.1.0.202410301201/tools/bin/../lib/gcc/arm-none-eabi/12.3.1/../../../../arm-none-eabi/lib/thumb/v7e-m+fp/hard/libc_nano.a(libc_a-lock.o)
                0x0800f7ac                __retarget_lock_init_recursive
 .text.__retarget_lock_acquire_recursive
                0x0800f7ae        0x2 /Applications/STM32CubeIDE.app/Contents/Eclipse/plugins/com.st.stm32cube.ide.mcu.externaltools.gnu-tools-for-stm32.12.3.rel1.macos64_1.1.0.202410301201/tools/bin/../lib/gcc/arm-none-eabi/12.3.1/../../../../arm-none-eabi/lib/thumb/v7e-m+fp/hard/libc_nano.a(libc_a-lock.o)
                0x0800f7ae                __retarget_lock_acquire_recursive
 .text.__retarget_lock_release_recursive
                0x0800f7b0        0x2 /Applications/STM32CubeIDE.app/Contents/Eclipse/plugins/com.st.stm32cube.ide.mcu.externaltools.gnu-tools-for-stm32.12.3.rel1.macos64_1.1.0.202410301201/tools/bin/../lib/gcc/arm-none-eabi/12.3.1/../../../../arm-none-eabi/lib/thumb/v7e-m+fp/hard/libc_nano.a(libc_a-lock.o)
                0x0800f7b0                __retarget_lock_release_recursive
 .text.memcpy   0x0800f7b2       0x1c /Applications/STM32CubeIDE.app/Contents/Eclipse/plugins/com.st.stm32cube.ide.mcu.externaltools.gnu-tools-for-stm32.12.3.rel1.macos64_1.1.0.202410301201/tools/bin/../lib/gcc/arm-none-eabi/12.3.1/../../../../arm-none-eabi/lib/thumb/v7e-m+fp/hard/libc_nano.a(libc_a-memcpy-stub.o)
                0x0800f7b2                memcpy
 *fill*         0x0800f7ce        0x2 
 .text._free_r  0x0800f7d0       0x94 /Applications/STM32CubeIDE.app/Contents/Eclipse/plugins/com.st.stm32cube.ide.mcu.externaltools.gnu-tools-for-stm32.12.3.rel1.macos64_1.1.0.202410301201/tools/bin/../lib/gcc/arm-none-eabi/12.3.1/../../../../arm-none-eabi/lib/thumb/v7e-m+fp/hard/libc_nano.a(libc_a-freer.o)
                0x0800f7d0                _free_r
 .text.__sfputc_r
                0x0800f864       0x2e /Applications/STM32CubeIDE.app/Contents/Eclipse/plugins/com.st.stm32cube.ide.mcu.externaltools.gnu-tools-for-stm32.12.3.rel1.macos64_1.1.0.202410301201/tools/bin/../lib/gcc/arm-none-eabi/12.3.1/../../../../arm-none-eabi/lib/thumb/v7e-m+fp/hard/libc_nano.a(libc_a-nano-vfprintf.o)
 .text.__sfputs_r
                0x0800f892       0x24 /Applications/STM32CubeIDE.app/Contents/Eclipse/plugins/com.st.stm32cube.ide.mcu.externaltools.gnu-tools-for-stm32.12.3.rel1.macos64_1.1.0.202410301201/tools/bin/../lib/gcc/arm-none-eabi/12.3.1/../../../../arm-none-eabi/lib/thumb/v7e-m+fp/hard/libc_nano.a(libc_a-nano-vfprintf.o)
                0x0800f892                __sfputs_r
 *fill*         0x0800f8b6        0x2 
 .text._vfprintf_r
                0x0800f8b8      0x230 /Applications/STM32CubeIDE.app/Contents/Eclipse/plugins/com.st.stm32cube.ide.mcu.externaltools.gnu-tools-for-stm32.12.3.rel1.macos64_1.1.0.202410301201/tools/bin/../lib/gcc/arm-none-eabi/12.3.1/../../../../arm-none-eabi/lib/thumb/v7e-m+fp/hard/libc_nano.a(libc_a-nano-vfprintf.o)
                0x0800f8b8                _vfiprintf_r
                0x0800f8b8                _vfprintf_r
 .text._printf_common
                0x0800fae8       0xda /Applications/STM32CubeIDE.app/Contents/Eclipse/plugins/com.st.stm32cube.ide.mcu.externaltools.gnu-tools-for-stm32.12.3.rel1.macos64_1.1.0.202410301201/tools/bin/../lib/gcc/arm-none-eabi/12.3.1/../../../../arm-none-eabi/lib/thumb/v7e-m+fp/hard/libc_nano.a(libc_a-nano-vfprintf_i.o)
                0x0800fae8                _printf_common
 *fill*         0x0800fbc2        0x2 
 .text._printf_i
                0x0800fbc4      0x240 /Applications/STM32CubeIDE.app/Contents/Eclipse/plugins/com.st.stm32cube.ide.mcu.externaltools.gnu-tools-for-stm32.12.3.rel1.macos64_1.1.0.202410301201/tools/bin/../lib/gcc/arm-none-eabi/12.3.1/../../../../arm-none-eabi/lib/thumb/v7e-m+fp/hard/libc_nano.a(libc_a-nano-vfprintf_i.o)
                0x0800fbc4                _printf_i
 .text.__sflush_r
                0x0800fe04      0x108 /Applications/STM32CubeIDE.app/Contents/Eclipse/plugins/com.st.stm32cube.ide.mcu.externaltools.gnu-tools-for-stm32.12.3.rel1.macos64_1.1.0.202410301201/tools/bin/../lib/gcc/arm-none-eabi/12.3.1/../../../../arm-none-eabi/lib/thumb/v7e-m+fp/hard/libc_nano.a(libc_a-fflush.o)
                0x0800fe04                __sflush_r
 .text._fflush_r
                0x0800ff0c       0x50 /Applications/STM32CubeIDE.app/Contents/Eclipse/plugins/com.st.stm32cube.ide.mcu.externaltools.gnu-tools-for-stm32.12.3.rel1.macos64_1.1.0.202410301201/tools/bin/../lib/gcc/arm-none-eabi/12.3.1/../../../../arm-none-eabi/lib/thumb/v7e-m+fp/hard/libc_nano.a(libc_a-fflush.o)
                0x0800ff0c                _fflush_r
 .text.__sread  0x0800ff5c       0x22 /Applications/STM32CubeIDE.app/Contents/Eclipse/plugins/com.st.stm32cube.ide.mcu.externaltools.gnu-tools-for-stm32.12.3.rel1.macos64_1.1.0.202410301201/tools/bin/../lib/gcc/arm-none-eabi/12.3.1/../../../../arm-none-eabi/lib/thumb/v7e-m+fp/hard/libc_nano.a(libc_a-stdio.o)
                0x0800ff5c                __sread
 .text.__swrite
                0x0800ff7e       0x38 /Applications/STM32CubeIDE.app/Contents/Eclipse/plugins/com.st.stm32cube.ide.mcu.externaltools.gnu-tools-for-stm32.12.3.rel1.macos64_1.1.0.202410301201/tools/bin/../lib/gcc/arm-none-eabi/12.3.1/../../../../arm-none-eabi/lib/thumb/v7e-m+fp/hard/libc_nano.a(libc_a-stdio.o)
                0x0800ff7e                __swrite
 .text.__sseek  0x0800ffb6       0x24 /Applications/STM32CubeIDE.app/Contents/Eclipse/plugins/com.st.stm32cube.ide.mcu.externaltools.gnu-tools-for-stm32.12.3.rel1.macos64_1.1.0.202410301201/tools/bin/../lib/gcc/arm-none-eabi/12.3.1/../../../../arm-none-eabi/lib/thumb/v7e-m+fp/hard/libc_nano.a(libc_a-stdio.o)
                0x0800ffb6                __sseek
 .text.__sclose
                0x0800ffda        0x8 /Applications/STM32CubeIDE.app/Contents/Eclipse/plugins/com.st.stm32cube.ide.mcu.externaltools.gnu-tools-for-stm32.12.3.rel1.macos64_1.1.0.202410301201/tools/bin/../lib/gcc/arm-none-eabi/12.3.1/../../../../arm-none-eabi/lib/thumb/v7e-m+fp/hard/libc_nano.a(libc_a-stdio.o)
                0x0800ffda                __sclose
 .text.__swbuf_r
                0x0800ffe2       0x7c /Applications/STM32CubeIDE.app/Contents/Eclipse/plugins/com.st.stm32cube.ide.mcu.externaltools.gnu-tools-for-stm32.12.3.rel1.macos64_1.1.0.202410301201/tools/bin/../lib/gcc/arm-none-eabi/12.3.1/../../../../arm-none-eabi/lib/thumb/v7e-m+fp/hard/libc_nano.a(libc_a-wbuf.o)
                0x0800ffe2                __swbuf_r
 *fill*         0x0801005e        0x2 
 .text.__swsetup_r
                0x08010060       0xac /Applications/STM32CubeIDE.app/Contents/Eclipse/plugins/com.st.stm32cube.ide.mcu.externaltools.gnu-tools-for-stm32.12.3.rel1.macos64_1.1.0.202410301201/tools/bin/../lib/gcc/arm-none-eabi/12.3.1/../../../../arm-none-eabi/lib/thumb/v7e-m+fp/hard/libc_nano.a(libc_a-wsetup.o)
                0x08010060                __swsetup_r
 .text.__swhatbuf_r
                0x0801010c       0x4c /Applications/STM32CubeIDE.app/Contents/Eclipse/plugins/com.st.stm32cube.ide.mcu.externaltools.gnu-tools-for-stm32.12.3.rel1.macos64_1.1.0.202410301201/tools/bin/../lib/gcc/arm-none-eabi/12.3.1/../../../../arm-none-eabi/lib/thumb/v7e-m+fp/hard/libc_nano.a(libc_a-makebuf.o)
                0x0801010c                __swhatbuf_r
 .text.__smakebuf_r
                0x08010158       0x78 /Applications/STM32CubeIDE.app/Contents/Eclipse/plugins/com.st.stm32cube.ide.mcu.externaltools.gnu-tools-for-stm32.12.3.rel1.macos64_1.1.0.202410301201/tools/bin/../lib/gcc/arm-none-eabi/12.3.1/../../../../arm-none-eabi/lib/thumb/v7e-m+fp/hard/libc_nano.a(libc_a-makebuf.o)
                0x08010158                __smakebuf_r
 .text._close_r
                0x080101d0       0x20 /Applications/STM32CubeIDE.app/Contents/Eclipse/plugins/com.st.stm32cube.ide.mcu.externaltools.gnu-tools-for-stm32.12.3.rel1.macos64_1.1.0.202410301201/tools/bin/../lib/gcc/arm-none-eabi/12.3.1/../../../../arm-none-eabi/lib/thumb/v7e-m+fp/hard/libc_nano.a(libc_a-closer.o)
                0x080101d0                _close_r
 .text._fstat_r
                0x080101f0       0x24 /Applications/STM32CubeIDE.app/Contents/Eclipse/plugins/com.st.stm32cube.ide.mcu.externaltools.gnu-tools-for-stm32.12.3.rel1.macos64_1.1.0.202410301201/tools/bin/../lib/gcc/arm-none-eabi/12.3.1/../../../../arm-none-eabi/lib/thumb/v7e-m+fp/hard/libc_nano.a(libc_a-fstatr.o)
                0x080101f0                _fstat_r
 .text._isatty_r
                0x08010214       0x20 /Applications/STM32CubeIDE.app/Contents/Eclipse/plugins/com.st.stm32cube.ide.mcu.externaltools.gnu-tools-for-stm32.12.3.rel1.macos64_1.1.0.202410301201/tools/bin/../lib/gcc/arm-none-eabi/12.3.1/../../../../arm-none-eabi/lib/thumb/v7e-m+fp/hard/libc_nano.a(libc_a-isattyr.o)
                0x08010214                _isatty_r
 .text._lseek_r
                0x08010234       0x24 /Applications/STM32CubeIDE.app/Contents/Eclipse/plugins/com.st.stm32cube.ide.mcu.externaltools.gnu-tools-for-stm32.12.3.rel1.macos64_1.1.0.202410301201/tools/bin/../lib/gcc/arm-none-eabi/12.3.1/../../../../arm-none-eabi/lib/thumb/v7e-m+fp/hard/libc_nano.a(libc_a-lseekr.o)
                0x08010234                _lseek_r
 .text._read_r  0x08010258       0x24 /Applications/STM32CubeIDE.app/Contents/Eclipse/plugins/com.st.stm32cube.ide.mcu.externaltools.gnu-tools-for-stm32.12.3.rel1.macos64_1.1.0.202410301201/tools/bin/../lib/gcc/arm-none-eabi/12.3.1/../../../../arm-none-eabi/lib/thumb/v7e-m+fp/hard/libc_nano.a(libc_a-readr.o)
                0x08010258                _read_r
 .text._write_r
                0x0801027c       0x24 /Applications/STM32CubeIDE.app/Contents/Eclipse/plugins/com.st.stm32cube.ide.mcu.externaltools.gnu-tools-for-stm32.12.3.rel1.macos64_1.1.0.202410301201/tools/bin/../lib/gcc/arm-none-eabi/12.3.1/../../../../arm-none-eabi/lib/thumb/v7e-m+fp/hard/libc_nano.a(libc_a-writer.o)
                0x0801027c                _write_r
 *(.glue_7)
 .glue_7        0x080102a0        0x0 linker stubs
 *(.glue_7t)
 .glue_7t       0x080102a0        0x0 linker stubs
 *(.eh_frame)
 .eh_frame      0x080102a0        0x0 /Applications/STM32CubeIDE.app/Contents/Eclipse/plugins/com.st.stm32cube.ide.mcu.externaltools.gnu-tools-for-stm32.12.3.rel1.macos64_1.1.0.202410301201/tools/bin/../lib/gcc/arm-none-eabi/12.3.1/thumb/v7e-m+fp/hard/crtbegin.o
 *(.init)
 .init          0x080102a0        0x4 /Applications/STM32CubeIDE.app/Contents/Eclipse/plugins/com.st.stm32cube.ide.mcu.externaltools.gnu-tools-for-stm32.12.3.rel1.macos64_1.1.0.202410301201/tools/bin/../lib/gcc/arm-none-eabi/12.3.1/thumb/v7e-m+fp/hard/crti.o
                0x080102a0                _init
 .init          0x080102a4        0x8 /Applications/STM32CubeIDE.app/Contents/Eclipse/plugins/com.st.stm32cube.ide.mcu.externaltools.gnu-tools-for-stm32.12.3.rel1.macos64_1.1.0.202410301201/tools/bin/../lib/gcc/arm-none-eabi/12.3.1/thumb/v7e-m+fp/hard/crtn.o
 *(.fini)
 .fini          0x080102ac        0x4 /Applications/STM32CubeIDE.app/Contents/Eclipse/plugins/com.st.stm32cube.ide.mcu.externaltools.gnu-tools-for-stm32.12.3.rel1.macos64_1.1.0.202410301201/tools/bin/../lib/gcc/arm-none-eabi/12.3.1/thumb/v7e-m+fp/hard/crti.o
                0x080102ac                _fini
 .fini          0x080102b0        0x8 /Applications/STM32CubeIDE.app/Contents/Eclipse/plugins/com.st.stm32cube.ide.mcu.externaltools.gnu-tools-for-stm32.12.3.rel1.macos64_1.1.0.202410301201/tools/bin/../lib/gcc/arm-none-eabi/12.3.1/thumb/v7e-m+fp/hard/crtn.o
                0x080102b8                        . = ALIGN (0x4)
                0x080102b8                        _etext = .

.vfp11_veneer   0x080102b8        0x0
 .vfp11_veneer  0x080102b8        0x0 linker stubs

.v4_bx          0x080102b8        0x0
 .v4_bx         0x080102b8        0x0 linker stubs

.iplt           0x080102b8        0x0
 .iplt          0x080102b8        0x0 /Applications/STM32CubeIDE.app/Contents/Eclipse/plugins/com.st.stm32cube.ide.mcu.externaltools.gnu-tools-for-stm32.12.3.rel1.macos64_1.1.0.202410301201/tools/bin/../lib/gcc/arm-none-eabi/12.3.1/thumb/v7e-m+fp/hard/crtbegin.o

.rodata         0x080102b8      0x658
                0x080102b8                        . = ALIGN (0x4)
 *(.rodata)
 .rodata        0x080102b8      0x12b ./Core/Src/etx_ota_update.o
 *fill*         0x080103e3        0x1 
 .rodata        0x080103e4       0x11 ./Core/Src/ifx_i2c_presentation_layer.o
 *fill*         0x080103f5        0x3 
 .rodata        0x080103f8      0x3ac ./Core/Src/main.o
 *(.rodata*)
 .rodata.g_pctr_states_table
                0x080107a4       0x10 ./Core/Src/ifx_i2c_transport_layer.o
 .rodata.g_optiga_unique_application_identifier
                0x080107b4       0x10 ./Core/Src/optiga_cmd.o
                0x080107b4                g_optiga_unique_application_identifier
 .rodata.K      0x080107c4      0x100 ./Core/Src/sha256.o
 .rodata.AHBPrescTable
                0x080108c4       0x10 ./Core/Src/system_stm32f4xx.o
                0x080108c4                AHBPrescTable
 .rodata.APBPrescTable
                0x080108d4        0x8 ./Core/Src/system_stm32f4xx.o
                0x080108d4                APBPrescTable
 .rodata._vfprintf_r.str1.1
                0x080108dc       0x11 /Applications/STM32CubeIDE.app/Contents/Eclipse/plugins/com.st.stm32cube.ide.mcu.externaltools.gnu-tools-for-stm32.12.3.rel1.macos64_1.1.0.202410301201/tools/bin/../lib/gcc/arm-none-eabi/12.3.1/../../../../arm-none-eabi/lib/thumb/v7e-m+fp/hard/libc_nano.a(libc_a-nano-vfprintf.o)
 .rodata._printf_i.str1.1
                0x080108ed       0x22 /Applications/STM32CubeIDE.app/Contents/Eclipse/plugins/com.st.stm32cube.ide.mcu.externaltools.gnu-tools-for-stm32.12.3.rel1.macos64_1.1.0.202410301201/tools/bin/../lib/gcc/arm-none-eabi/12.3.1/../../../../arm-none-eabi/lib/thumb/v7e-m+fp/hard/libc_nano.a(libc_a-nano-vfprintf_i.o)
                0x08010910                        . = ALIGN (0x4)
 *fill*         0x0801090f        0x1 

.ARM.extab      0x08010910        0x0
                0x08010910                        . = ALIGN (0x4)
 *(.ARM.extab* .gnu.linkonce.armextab.*)
                0x08010910                        . = ALIGN (0x4)

.ARM            0x08010910        0x8
                0x08010910                        . = ALIGN (0x4)
                0x08010910                        __exidx_start = .
 *(.ARM.exidx*)
 .ARM.exidx     0x08010910        0x8 /Applications/STM32CubeIDE.app/Contents/Eclipse/plugins/com.st.stm32cube.ide.mcu.externaltools.gnu-tools-for-stm32.12.3.rel1.macos64_1.1.0.202410301201/tools/bin/../lib/gcc/arm-none-eabi/12.3.1/../../../../arm-none-eabi/lib/thumb/v7e-m+fp/hard/libc_nano.a(libc_a-memchr.o)
 .ARM.exidx     0x08010918        0x0 /Applications/STM32CubeIDE.app/Contents/Eclipse/plugins/com.st.stm32cube.ide.mcu.externaltools.gnu-tools-for-stm32.12.3.rel1.macos64_1.1.0.202410301201/tools/bin/../lib/gcc/arm-none-eabi/12.3.1/thumb/v7e-m+fp/hard/libgcc.a(_udivmoddi4.o)
                                  0x8 (size before relaxing)
                0x08010918                        __exidx_end = .
                0x08010918                        . = ALIGN (0x4)

.preinit_array  0x08010918        0x0
                0x08010918                        . = ALIGN (0x4)
                0x08010918                        PROVIDE (__preinit_array_start = .)
 *(.preinit_array*)
                0x08010918                        PROVIDE (__preinit_array_end = .)
                0x08010918                        . = ALIGN (0x4)

.init_array     0x08010918        0x4
                0x08010918                        . = ALIGN (0x4)
                0x08010918                        PROVIDE (__init_array_start = .)
 *(SORT_BY_NAME(.init_array.*))
 *(.init_array*)
 .init_array    0x08010918        0x4 /Applications/STM32CubeIDE.app/Contents/Eclipse/plugins/com.st.stm32cube.ide.mcu.externaltools.gnu-tools-for-stm32.12.3.rel1.macos64_1.1.0.202410301201/tools/bin/../lib/gcc/arm-none-eabi/12.3.1/thumb/v7e-m+fp/hard/crtbegin.o
                0x0801091c                        PROVIDE (__init_array_end = .)
                0x0801091c                        . = ALIGN (0x4)

.fini_array     0x0801091c        0x4
                0x0801091c                        . = ALIGN (0x4)
                [!provide]                        PROVIDE (__fini_array_start = .)
 *(SORT_BY_NAME(.fini_array.*))
 *(.fini_array*)
 .fini_array    0x0801091c        0x4 /Applications/STM32CubeIDE.app/Contents/Eclipse/plugins/com.st.stm32cube.ide.mcu.externaltools.gnu-tools-for-stm32.12.3.rel1.macos64_1.1.0.202410301201/tools/bin/../lib/gcc/arm-none-eabi/12.3.1/thumb/v7e-m+fp/hard/crtbegin.o
                [!provide]                        PROVIDE (__fini_array_end = .)
                0x08010920                        . = ALIGN (0x4)
                0x08010920                        _sidata = LOADADDR (.data)

.rel.dyn        0x08010920        0x0
 .rel.iplt      0x08010920        0x0 /Applications/STM32CubeIDE.app/Contents/Eclipse/plugins/com.st.stm32cube.ide.mcu.externaltools.gnu-tools-for-stm32.12.3.rel1.macos64_1.1.0.202410301201/tools/bin/../lib/gcc/arm-none-eabi/12.3.1/thumb/v7e-m+fp/hard/crtbegin.o

.data           0x20000000      0x5bc load address 0x08010920
                0x20000000                        . = ALIGN (0x4)
                0x20000000                        _sdata = .
 *(.data)
 *(.data*)
 .data.ifx_i2c_datastore_config
                0x20000000        0x8 ./Core/Src/ifx_i2c_config.o
                0x20000000                ifx_i2c_datastore_config
 .data.ifx_i2c_context_0
                0x20000008      0x4c4 ./Core/Src/ifx_i2c_config.o
                0x20000008                ifx_i2c_context_0
 .data.g_optiga_list
                0x200004cc        0x4 ./Core/Src/optiga_cmd.o
 .data.g_hibernate_datastore_id_list
                0x200004d0        0x2 ./Core/Src/optiga_cmd.o
 *fill*         0x200004d2        0x2 
 .data.optiga_comms
                0x200004d4       0x18 ./Core/Src/optiga_comms_ifx_i2c.o
                0x200004d4                optiga_comms
 .data.optiga_pal_i2c_context_0
                0x200004ec       0x10 ./Core/Src/pal_ifx_i2c_config.o
                0x200004ec                optiga_pal_i2c_context_0
 .data.optiga_vdd_0
                0x200004fc        0x8 ./Core/Src/pal_ifx_i2c_config.o
                0x200004fc                optiga_vdd_0
 .data.optiga_reset_0
                0x20000504        0x8 ./Core/Src/pal_ifx_i2c_config.o
                0x20000504                optiga_reset_0
 .data.optiga_platform_binding_shared_secret
                0x2000050c       0x42 ./Core/Src/pal_os_datastore.o
                0x2000050c                optiga_platform_binding_shared_secret
 *fill*         0x2000054e        0x2 
 .data.memset_func
                0x20000550        0x4 ./Core/Src/platform_util.o
 .data.SystemCoreClock
                0x20000554        0x4 ./Core/Src/system_stm32f4xx.o
                0x20000554                SystemCoreClock
 .data.uwTickPrio
                0x20000558        0x4 ./Drivers/STM32F4xx_HAL_Driver/Src/stm32f4xx_hal.o
                0x20000558                uwTickPrio
 .data.uwTickFreq
                0x2000055c        0x1 ./Drivers/STM32F4xx_HAL_Driver/Src/stm32f4xx_hal.o
                0x2000055c                uwTickFreq
 *fill*         0x2000055d        0x3 
 .data.__sglue  0x20000560        0xc /Applications/STM32CubeIDE.app/Contents/Eclipse/plugins/com.st.stm32cube.ide.mcu.externaltools.gnu-tools-for-stm32.12.3.rel1.macos64_1.1.0.202410301201/tools/bin/../lib/gcc/arm-none-eabi/12.3.1/../../../../arm-none-eabi/lib/thumb/v7e-m+fp/hard/libc_nano.a(libc_a-findfp.o)
                0x20000560                __sglue
 .data._impure_ptr
                0x2000056c        0x4 /Applications/STM32CubeIDE.app/Contents/Eclipse/plugins/com.st.stm32cube.ide.mcu.externaltools.gnu-tools-for-stm32.12.3.rel1.macos64_1.1.0.202410301201/tools/bin/../lib/gcc/arm-none-eabi/12.3.1/../../../../arm-none-eabi/lib/thumb/v7e-m+fp/hard/libc_nano.a(libc_a-impure.o)
                0x2000056c                _impure_ptr
 .data._impure_data
                0x20000570       0x4c /Applications/STM32CubeIDE.app/Contents/Eclipse/plugins/com.st.stm32cube.ide.mcu.externaltools.gnu-tools-for-stm32.12.3.rel1.macos64_1.1.0.202410301201/tools/bin/../lib/gcc/arm-none-eabi/12.3.1/../../../../arm-none-eabi/lib/thumb/v7e-m+fp/hard/libc_nano.a(libc_a-impure.o)
                0x20000570                _impure_data
 *(.RamFunc)
 *(.RamFunc*)
                0x200005bc                        . = ALIGN (0x4)
                0x200005bc                        _edata = .

.igot.plt       0x200005bc        0x0 load address 0x08010edc
 .igot.plt      0x200005bc        0x0 /Applications/STM32CubeIDE.app/Contents/Eclipse/plugins/com.st.stm32cube.ide.mcu.externaltools.gnu-tools-for-stm32.12.3.rel1.macos64_1.1.0.202410301201/tools/bin/../lib/gcc/arm-none-eabi/12.3.1/thumb/v7e-m+fp/hard/crtbegin.o
                0x200005bc                        . = ALIGN (0x4)

.bss            0x200005bc      0xd94 load address 0x08010edc
                0x200005bc                        _sbss = .
                0x200005bc                        __bss_start__ = _sbss
 *(.bss)
 .bss           0x200005bc       0x1c /Applications/STM32CubeIDE.app/Contents/Eclipse/plugins/com.st.stm32cube.ide.mcu.externaltools.gnu-tools-for-stm32.12.3.rel1.macos64_1.1.0.202410301201/tools/bin/../lib/gcc/arm-none-eabi/12.3.1/thumb/v7e-m+fp/hard/crtbegin.o
 *(.bss*)
 .bss.Rx_Buffer
                0x200005d8      0x409 ./Core/Src/etx_ota_update.o
 .bss.ota_state
                0x200009e1        0x1 ./Core/Src/etx_ota_update.o
 *fill*         0x200009e2        0x2 
 .bss.ota_fw_total_size
                0x200009e4        0x4 ./Core/Src/etx_ota_update.o
 .bss.ota_fw_crc
                0x200009e8        0x4 ./Core/Src/etx_ota_update.o
 .bss.ota_fw_received_size
                0x200009ec        0x4 ./Core/Src/etx_ota_update.o
 .bss.hi2c1     0x200009f0       0x54 ./Core/Src/main.o
                0x200009f0                hi2c1
 .bss.htim2     0x20000a44       0x48 ./Core/Src/main.o
                0x20000a44                htim2
 .bss.huart2    0x20000a8c       0x48 ./Core/Src/main.o
                0x20000a8c                huart2
 .bss.optiga_lib_status
                0x20000ad4        0x2 ./Core/Src/main.o
 *fill*         0x20000ad6        0x2 
 .bss.g_optiga  0x20000ad8      0x68c ./Core/Src/optiga_cmd.o
 .bss.g_entry_count
                0x20001164        0x4 ./Core/Src/pal_i2c.o
 .bss.gp_pal_i2c_current_ctx
                0x20001168        0x4 ./Core/Src/pal_i2c.o
 .bss.data_store_manage_context_buffer
                0x2000116c       0x44 ./Core/Src/pal_os_datastore.o
                0x2000116c                data_store_manage_context_buffer
 .bss.data_store_app_context_buffer
                0x200011b0        0xa ./Core/Src/pal_os_datastore.o
                0x200011b0                data_store_app_context_buffer
 *fill*         0x200011ba        0x2 
 .bss.pal_os_event_0
                0x200011bc       0x18 ./Core/Src/pal_os_event.o
 .bss.timer_expiry
                0x200011d4        0x4 ./Core/Src/pal_os_event.o
 .bss.timer_running
                0x200011d8        0x1 ./Core/Src/pal_os_event.o
 *fill*         0x200011d9        0x3 
 .bss.__sbrk_heap_end
                0x200011dc        0x4 ./Core/Src/sysmem.o
 .bss.uwTick    0x200011e0        0x4 ./Drivers/STM32F4xx_HAL_Driver/Src/stm32f4xx_hal.o
                0x200011e0                uwTick
 .bss.pFlash    0x200011e4       0x20 ./Drivers/STM32F4xx_HAL_Driver/Src/stm32f4xx_hal_flash.o
                0x200011e4                pFlash
 .bss.__malloc_sbrk_start
                0x20001204        0x4 /Applications/STM32CubeIDE.app/Contents/Eclipse/plugins/com.st.stm32cube.ide.mcu.externaltools.gnu-tools-for-stm32.12.3.rel1.macos64_1.1.0.202410301201/tools/bin/../lib/gcc/arm-none-eabi/12.3.1/../../../../arm-none-eabi/lib/thumb/v7e-m+fp/hard/libc_nano.a(libc_a-mallocr.o)
                0x20001204                __malloc_sbrk_start
 .bss.__malloc_free_list
                0x20001208        0x4 /Applications/STM32CubeIDE.app/Contents/Eclipse/plugins/com.st.stm32cube.ide.mcu.externaltools.gnu-tools-for-stm32.12.3.rel1.macos64_1.1.0.202410301201/tools/bin/../lib/gcc/arm-none-eabi/12.3.1/../../../../arm-none-eabi/lib/thumb/v7e-m+fp/hard/libc_nano.a(libc_a-mallocr.o)
                0x20001208                __malloc_free_list
 .bss.__sf      0x2000120c      0x138 /Applications/STM32CubeIDE.app/Contents/Eclipse/plugins/com.st.stm32cube.ide.mcu.externaltools.gnu-tools-for-stm32.12.3.rel1.macos64_1.1.0.202410301201/tools/bin/../lib/gcc/arm-none-eabi/12.3.1/../../../../arm-none-eabi/lib/thumb/v7e-m+fp/hard/libc_nano.a(libc_a-findfp.o)
                0x2000120c                __sf
 .bss.__stdio_exit_handler
                0x20001344        0x4 /Applications/STM32CubeIDE.app/Contents/Eclipse/plugins/com.st.stm32cube.ide.mcu.externaltools.gnu-tools-for-stm32.12.3.rel1.macos64_1.1.0.202410301201/tools/bin/../lib/gcc/arm-none-eabi/12.3.1/../../../../arm-none-eabi/lib/thumb/v7e-m+fp/hard/libc_nano.a(libc_a-findfp.o)
                0x20001344                __stdio_exit_handler
 .bss.__lock___malloc_recursive_mutex
                0x20001348        0x1 /Applications/STM32CubeIDE.app/Contents/Eclipse/plugins/com.st.stm32cube.ide.mcu.externaltools.gnu-tools-for-stm32.12.3.rel1.macos64_1.1.0.202410301201/tools/bin/../lib/gcc/arm-none-eabi/12.3.1/../../../../arm-none-eabi/lib/thumb/v7e-m+fp/hard/libc_nano.a(libc_a-lock.o)
                0x20001348                __lock___malloc_recursive_mutex
 .bss.__lock___sfp_recursive_mutex
                0x20001349        0x1 /Applications/STM32CubeIDE.app/Contents/Eclipse/plugins/com.st.stm32cube.ide.mcu.externaltools.gnu-tools-for-stm32.12.3.rel1.macos64_1.1.0.202410301201/tools/bin/../lib/gcc/arm-none-eabi/12.3.1/../../../../arm-none-eabi/lib/thumb/v7e-m+fp/hard/libc_nano.a(libc_a-lock.o)
                0x20001349                __lock___sfp_recursive_mutex
 *fill*         0x2000134a        0x2 
 .bss.errno     0x2000134c        0x4 /Applications/STM32CubeIDE.app/Contents/Eclipse/plugins/com.st.stm32cube.ide.mcu.externaltools.gnu-tools-for-stm32.12.3.rel1.macos64_1.1.0.202410301201/tools/bin/../lib/gcc/arm-none-eabi/12.3.1/../../../../arm-none-eabi/lib/thumb/v7e-m+fp/hard/libc_nano.a(libc_a-reent.o)
                0x2000134c                errno
 *(COMMON)
                0x20001350                        . = ALIGN (0x4)
                0x20001350                        _ebss = .
                0x20001350                        __bss_end__ = _ebss

._user_heap_stack
                0x20001350      0x600 load address 0x08010edc
                0x20001350                        . = ALIGN (0x8)
                [!provide]                        PROVIDE (end = .)
                0x20001350                        PROVIDE (_end = .)
                0x20001550                        . = (. + _Min_Heap_Size)
 *fill*         0x20001350      0x200 
                0x20001950                        . = (. + _Min_Stack_Size)
 *fill*         0x20001550      0x400 
                0x20001950                        . = ALIGN (0x8)

/DISCARD/
 libc.a(*)
 libm.a(*)
 libgcc.a(*)

.ARM.attributes
                0x00000000       0x30
 *(.ARM.attributes)
 .ARM.attributes
                0x00000000       0x22 /Applications/STM32CubeIDE.app/Contents/Eclipse/plugins/com.st.stm32cube.ide.mcu.externaltools.gnu-tools-for-stm32.12.3.rel1.macos64_1.1.0.202410301201/tools/bin/../lib/gcc/arm-none-eabi/12.3.1/thumb/v7e-m+fp/hard/crti.o
 .ARM.attributes