/Users/thirumurugans/Developer/Projects/FOTA/OPTIGA/optiga/crypt/optiga_crypt.c:111:16:optiga_crypt_generic_event_handler	24	static
/Users/thirumurugans/Developer/Projects/FOTA/OPTIGA/optiga/crypt/optiga_crypt.c:120:16:optiga_crypt_reset_protection_level	16	static
/Users/thirumurugans/Developer/Projects/FOTA/OPTIGA/optiga/crypt/optiga_crypt.c:135:31:optiga_crypt_generate_keypair	24	static
/Users/thirumurugans/Developer/Projects/FOTA/OPTIGA/optiga/crypt/optiga_crypt.c:196:31:optiga_crypt_sign	32	static
/Users/thirumurugans/Developer/Projects/FOTA/OPTIGA/optiga/crypt/optiga_crypt.c:254:31:optiga_crypt_verify	32	static
/Users/thirumurugans/Developer/Projects/FOTA/OPTIGA/optiga/crypt/optiga_crypt.c:321:31:optiga_crypt_rsa_enc_dec	32	static
/Users/thirumurugans/Developer/Projects/FOTA/OPTIGA/optiga/crypt/optiga_crypt.c:387:31:optiga_crypt_get_random	32	static
/Users/thirumurugans/Developer/Projects/FOTA/OPTIGA/optiga/crypt/optiga_crypt.c:433:31:optiga_crypt_symmetric_mode_generic	32	static
/Users/thirumurugans/Developer/Projects/FOTA/OPTIGA/optiga/crypt/optiga_crypt.c:549:31:optiga_crypt_derive_key_generic	32	static
/Users/thirumurugans/Developer/Projects/FOTA/OPTIGA/optiga/crypt/optiga_crypt.c:616:31:optiga_crypt_hash_generic	24	static
/Users/thirumurugans/Developer/Projects/FOTA/OPTIGA/optiga/crypt/optiga_crypt.c:678:6:optiga_crypt_set_comms_params	16	static
/Users/thirumurugans/Developer/Projects/FOTA/OPTIGA/optiga/crypt/optiga_crypt.c:702:18:optiga_crypt_create	32	static
/Users/thirumurugans/Developer/Projects/FOTA/OPTIGA/optiga/crypt/optiga_crypt.c:743:21:optiga_crypt_destroy	24	static
/Users/thirumurugans/Developer/Projects/FOTA/OPTIGA/optiga/crypt/optiga_crypt.c:769:21:optiga_crypt_random	48	static
/Users/thirumurugans/Developer/Projects/FOTA/OPTIGA/optiga/crypt/optiga_crypt.c:799:21:optiga_crypt_hash_start	48	static
/Users/thirumurugans/Developer/Projects/FOTA/OPTIGA/optiga/crypt/optiga_crypt.c:827:21:optiga_crypt_hash_update	56	static
/Users/thirumurugans/Developer/Projects/FOTA/OPTIGA/optiga/crypt/optiga_crypt.c:858:21:optiga_crypt_hash_finalize	56	static
/Users/thirumurugans/Developer/Projects/FOTA/OPTIGA/optiga/crypt/optiga_crypt.c:888:21:optiga_crypt_hash	56	static
/Users/thirumurugans/Developer/Projects/FOTA/OPTIGA/optiga/crypt/optiga_crypt.c:921:21:optiga_crypt_ecc_generate_keypair	32	static
/Users/thirumurugans/Developer/Projects/FOTA/OPTIGA/optiga/crypt/optiga_crypt.c:941:21:optiga_crypt_ecdsa_sign	40	static
/Users/thirumurugans/Developer/Projects/FOTA/OPTIGA/optiga/crypt/optiga_crypt.c:961:21:optiga_crypt_ecdsa_verify	48	static
/Users/thirumurugans/Developer/Projects/FOTA/OPTIGA/optiga/crypt/optiga_crypt.c:984:21:optiga_crypt_ecdh	32	static
/Users/thirumurugans/Developer/Projects/FOTA/OPTIGA/optiga/crypt/optiga_crypt.c:1039:21:optiga_crypt_tls_prf	64	static
/Users/thirumurugans/Developer/Projects/FOTA/OPTIGA/optiga/crypt/optiga_crypt.c:1085:21:optiga_crypt_rsa_generate_keypair	32	static
/Users/thirumurugans/Developer/Projects/FOTA/OPTIGA/optiga/crypt/optiga_crypt.c:1106:21:optiga_crypt_rsa_sign	40	static
/Users/thirumurugans/Developer/Projects/FOTA/OPTIGA/optiga/crypt/optiga_crypt.c:1128:21:optiga_crypt_rsa_verify	48	static
/Users/thirumurugans/Developer/Projects/FOTA/OPTIGA/optiga/crypt/optiga_crypt.c:1152:21:optiga_crypt_rsa_encrypt_message	64	static
/Users/thirumurugans/Developer/Projects/FOTA/OPTIGA/optiga/crypt/optiga_crypt.c:1190:21:optiga_crypt_rsa_encrypt_session	64	static
/Users/thirumurugans/Developer/Projects/FOTA/OPTIGA/optiga/crypt/optiga_crypt.c:1230:21:optiga_crypt_rsa_decrypt_and_export	64	static
/Users/thirumurugans/Developer/Projects/FOTA/OPTIGA/optiga/crypt/optiga_crypt.c:1272:21:optiga_crypt_rsa_decrypt_and_store	64	static
/Users/thirumurugans/Developer/Projects/FOTA/OPTIGA/optiga/crypt/optiga_crypt.c:1310:21:optiga_crypt_rsa_generate_pre_master_secret	48	static
/Users/thirumurugans/Developer/Projects/FOTA/OPTIGA/optiga/crypt/optiga_crypt.c:1353:21:optiga_crypt_symmetric_encrypt	88	static
/Users/thirumurugans/Developer/Projects/FOTA/OPTIGA/optiga/crypt/optiga_crypt.c:1399:21:optiga_crypt_symmetric_encrypt_start	88	static
/Users/thirumurugans/Developer/Projects/FOTA/OPTIGA/optiga/crypt/optiga_crypt.c:1448:21:optiga_crypt_symmetric_encrypt_continue	88	static
/Users/thirumurugans/Developer/Projects/FOTA/OPTIGA/optiga/crypt/optiga_crypt.c:1491:21:optiga_crypt_symmetric_encrypt_final	88	static
/Users/thirumurugans/Developer/Projects/FOTA/OPTIGA/optiga/crypt/optiga_crypt.c:1532:21:optiga_crypt_symmetric_encrypt_ecb	88	static
/Users/thirumurugans/Developer/Projects/FOTA/OPTIGA/optiga/crypt/optiga_crypt.c:1577:21:optiga_crypt_symmetric_decrypt	88	static
/Users/thirumurugans/Developer/Projects/FOTA/OPTIGA/optiga/crypt/optiga_crypt.c:1623:21:optiga_crypt_symmetric_decrypt_ecb	88	static
/Users/thirumurugans/Developer/Projects/FOTA/OPTIGA/optiga/crypt/optiga_crypt.c:1665:21:optiga_crypt_symmetric_decrypt_start	88	static
/Users/thirumurugans/Developer/Projects/FOTA/OPTIGA/optiga/crypt/optiga_crypt.c:1712:21:optiga_crypt_symmetric_decrypt_continue	88	static
/Users/thirumurugans/Developer/Projects/FOTA/OPTIGA/optiga/crypt/optiga_crypt.c:1752:21:optiga_crypt_symmetric_decrypt_final	88	static
/Users/thirumurugans/Developer/Projects/FOTA/OPTIGA/optiga/crypt/optiga_crypt.c:1796:21:optiga_crypt_hmac	88	static
/Users/thirumurugans/Developer/Projects/FOTA/OPTIGA/optiga/crypt/optiga_crypt.c:1838:21:optiga_crypt_hmac_start	88	static
/Users/thirumurugans/Developer/Projects/FOTA/OPTIGA/optiga/crypt/optiga_crypt.c:1877:21:optiga_crypt_hmac_update	88	static
/Users/thirumurugans/Developer/Projects/FOTA/OPTIGA/optiga/crypt/optiga_crypt.c:1914:21:optiga_crypt_hmac_finalize	88	static
/Users/thirumurugans/Developer/Projects/FOTA/OPTIGA/optiga/crypt/optiga_crypt.c:1957:21:optiga_crypt_hkdf	64	static
/Users/thirumurugans/Developer/Projects/FOTA/OPTIGA/optiga/crypt/optiga_crypt.c:1999:21:optiga_crypt_symmetric_generate_key	24	static
/Users/thirumurugans/Developer/Projects/FOTA/OPTIGA/optiga/crypt/optiga_crypt.c:2054:21:optiga_crypt_generate_auth_code	48	static
/Users/thirumurugans/Developer/Projects/FOTA/OPTIGA/optiga/crypt/optiga_crypt.c:2098:21:optiga_crypt_hmac_verify	88	static
/Users/thirumurugans/Developer/Projects/FOTA/OPTIGA/optiga/crypt/optiga_crypt.c:2143:21:optiga_crypt_clear_auto_state	80	static
